 main

 Timestamp is 65216683 (Sat Oct  7 17:09:07 2023)

 Preferred load address is 0000000140000000

 Start         Length     Name                   Class
 0001:00000000 00000270H .text$di                CODE
 0001:00000270 00033fd0H .text$mn                CODE
 0001:00034240 00000040H .text$mn$00             CODE
 0001:00034280 00000f90H .text$x                 CODE
 0001:00035210 000001ccH .text$yd                CODE
 0002:00000000 00000288H .idata$5                DATA
 0002:00000288 00000038H .00cfg                  DATA
 0002:000002c0 00000008H .CRT$XCA                DATA
 0002:000002c8 00000008H .CRT$XCAA               DATA
 0002:000002d0 00000058H .CRT$XCC                DATA
 0002:00000328 00000010H .CRT$XCL                DATA
 0002:00000338 00000018H .CRT$XCU                DATA
 0002:00000350 00000008H .CRT$XCZ                DATA
 0002:00000358 00000008H .CRT$XIA                DATA
 0002:00000360 00000008H .CRT$XIAA               DATA
 0002:00000368 00000008H .CRT$XIAC               DATA
 0002:00000370 00000028H .CRT$XIC                DATA
 0002:00000398 00000008H .CRT$XIZ                DATA
 0002:000003a0 00000008H .CRT$XPA                DATA
 0002:000003a8 00000010H .CRT$XPX                DATA
 0002:000003b8 00000008H .CRT$XPXA               DATA
 0002:000003c0 00000008H .CRT$XPZ                DATA
 0002:000003c8 00000008H .CRT$XTA                DATA
 0002:000003d0 00000010H .CRT$XTZ                DATA
 0002:000003d8 00000000H .gehcont$y              DATA
 0002:000003d8 00000000H .gfids$y                DATA
 0002:000003e0 0000e820H .rdata                  DATA
 0002:0000ec00 00000000H .rdata$CastGuardVftablesA DATA
 0002:0000ec00 00000000H .rdata$CastGuardVftablesC DATA
 0002:0000ec00 00001174H .rdata$r                DATA
 0002:0000fd74 00000228H .rdata$voltmd           DATA
 0002:0000ff9c 0000035cH .rdata$zzzdbg           DATA
 0002:000102f8 00000008H .rtc$IAA                DATA
 0002:00010300 00000008H .rtc$IZZ                DATA
 0002:00010308 00000008H .rtc$TAA                DATA
 0002:00010310 00000008H .rtc$TZZ                DATA
 0002:00010318 00002660H .xdata                  DATA
 0002:00012978 000003ccH .xdata$x                DATA
 0002:00012d44 00000000H .edata                  DATA
 0002:00012d44 00000014H .idata$2                DATA
 0002:00012d58 00000018H .idata$3                DATA
 0002:00012d70 00000288H .idata$4                DATA
 0002:00012ff8 000005e4H .idata$6                DATA
 0003:00000000 00000c40H .data                   DATA
 0003:00000c40 000001f0H .data$r                 DATA
 0003:00000e30 000004b0H .data$rs                DATA
 0003:000012e0 00001938H .bss                    DATA
 0004:00000000 00002f4cH .pdata                  DATA
 0005:00000000 0000015cH _RDATA                  DATA

  Address         Publics by Value              Rva+Base               Lib:Object

 0000:00000000       __AbsoluteZero             0000000000000000     <absolute>
 0000:00000000       ___safe_se_handler_count   0000000000000000     <absolute>
 0000:00000000       ___safe_se_handler_table   0000000000000000     <absolute>
 0000:00000000       __arm64x_extra_rfe_table   0000000000000000     <absolute>
 0000:00000000       __arm64x_extra_rfe_table_size 0000000000000000     <absolute>
 0000:00000000       __arm64x_native_entrypoint 0000000000000000     <absolute>
 0000:00000000       __arm64x_redirection_metadata 0000000000000000     <absolute>
 0000:00000000       __arm64x_redirection_metadata_count 0000000000000000     <absolute>
 0000:00000000       __dynamic_value_reloc_table 0000000000000000     <absolute>
 0000:00000000       __enclave_config           0000000000000000     <absolute>
 0000:00000000       __guard_check_icall_a64n_fptr 0000000000000000     <absolute>
 0000:00000000       __guard_eh_cont_count      0000000000000000     <absolute>
 0000:00000000       __guard_eh_cont_table      0000000000000000     <absolute>
 0000:00000000       __guard_fids_count         0000000000000000     <absolute>
 0000:00000000       __guard_fids_table         0000000000000000     <absolute>
 0000:00000000       __guard_iat_count          0000000000000000     <absolute>
 0000:00000000       __guard_iat_table          0000000000000000     <absolute>
 0000:00000000       __guard_longjmp_count      0000000000000000     <absolute>
 0000:00000000       __guard_longjmp_table      0000000000000000     <absolute>
 0000:00000000       __hybrid_auxiliary_iat     0000000000000000     <absolute>
 0000:00000000       __hybrid_auxiliary_iat_copy 0000000000000000     <absolute>
 0000:00000000       __hybrid_code_map          0000000000000000     <absolute>
 0000:00000000       __hybrid_code_map_count    0000000000000000     <absolute>
 0000:00000000       __x64_code_ranges_to_entry_points 0000000000000000     <absolute>
 0000:00000000       __x64_code_ranges_to_entry_points_count 0000000000000000     <absolute>
 0000:00000100       __guard_flags              0000000000000100     <absolute>
 0000:00000000       __ImageBase                0000000140000000     <linker-defined>
 0001:00000270       ?speed@@YANNN@Z            0000000140001270 f   main.obj
 0001:00000290       ?time@@YANNN@Z             0000000140001290 f   main.obj
 0001:000002b0       ?dist@@YANNN@Z             00000001400012b0 f   main.obj
 0001:000002d0       main                       00000001400012d0 f   main.obj
 0001:000004f0       ??$?0$$V@?$_Compressed_pair@V?$allocator@D@std@@V?$_String_val@U?$_Simple_types@D@std@@@2@$00@std@@QEAA@U_Zero_then_variadic_args_t@1@@Z 00000001400014f0 f i main.obj
 0001:00000520       ??$?0AEAPEAV_Facet_base@std@@@?$_Compressed_pair@U?$default_delete@V_Facet_base@std@@@std@@PEAV_Facet_base@2@$00@std@@QEAA@U_Zero_then_variadic_args_t@1@AEAPEAV_Facet_base@1@@Z 0000000140001520 f i main.obj
 0001:00000560       ??$?0U?$default_delete@V_Facet_base@std@@@std@@$0A@@?$unique_ptr@V_Facet_base@std@@U?$default_delete@V_Facet_base@std@@@2@@std@@QEAA@PEAV_Facet_base@1@@Z 0000000140001560 f i main.obj
 0001:00000590       ??$?0V?$allocator@D@std@@$$V@?$_Compressed_pair@V?$allocator@D@std@@V?$_String_val@U?$_Simple_types@D@std@@@2@$00@std@@QEAA@U_One_then_variadic_args_t@1@$$QEAV?$allocator@D@1@@Z 0000000140001590 f i main.obj
 0001:000005d0       ??$?6U?$char_traits@D@std@@@std@@YAAEAV?$basic_ostream@DU?$char_traits@D@std@@@0@AEAV10@PEBD@Z 00000001400015d0 f i main.obj
 0001:00000970       ??$?8DU?$char_traits@D@std@@@std@@YA_NAEBV?$istreambuf_iterator@DU?$char_traits@D@std@@@0@0@Z 0000000140001970 f i main.obj
 0001:000009a0       ??$?9DU?$char_traits@D@std@@@std@@YA_NAEBV?$istreambuf_iterator@DU?$char_traits@D@std@@@0@0@Z 00000001400019a0 f i main.obj
 0001:000009e0       ??$_Adl_verify_range@PEADPEBD@std@@YAXAEBQEADAEBQEBD@Z 00000001400019e0 f i main.obj
 0001:000009e0       ??$_Adl_verify_range@PEBDPEBD@std@@YAXAEBQEBD0@Z 00000001400019e0 f i main.obj
 0001:000009e0       ??$_Adl_verify_range@V?$istreambuf_iterator@DU?$char_traits@D@std@@@std@@V12@@std@@YAXAEBV?$istreambuf_iterator@DU?$char_traits@D@std@@@0@0@Z 00000001400019e0 f i main.obj
 0001:000009e0       ?_Alloc_proxy@_Container_base0@std@@QEAAXAEBU_Fake_allocator@2@@Z 00000001400019e0 f i main.obj
 0001:000009e0       ?_Init@?$num_get@DV?$istreambuf_iterator@DU?$char_traits@D@std@@@std@@@std@@IEAAXAEBV_Locinfo@2@@Z 00000001400019e0 f i main.obj
 0001:000009e0       ?_Init@?$num_put@DV?$ostreambuf_iterator@DU?$char_traits@D@std@@@std@@@std@@IEAAXAEBV_Locinfo@2@@Z 00000001400019e0 f i main.obj
 0001:000009e0       ?_Swap_proxy_and_iterators@_Container_base0@std@@QEAAXAEAU12@@Z 00000001400019e0 f i main.obj
 0001:000009f0       ??$_Allocate@$0BA@U_Default_allocate_traits@std@@$0A@@std@@YAPEAX_K@Z 00000001400019f0 f i main.obj
 0001:00000a30       ??$_Allocate_manually_vector_aligned@U_Default_allocate_traits@std@@@std@@YAPEAX_K@Z 0000000140001a30 f i main.obj
 0001:00000ac0       ??$_Common_extract_with_num_get@J@?$basic_istream@DU?$char_traits@D@std@@@std@@AEAAAEAV01@AEAJ@Z 0000000140001ac0 f i main.obj
 0001:00000c70       ??$_Common_extract_with_num_get@N@?$basic_istream@DU?$char_traits@D@std@@@std@@AEAAAEAV01@AEAN@Z 0000000140001c70 f i main.obj
 0001:00000e20       ??$_Construct@$00PEBD@?$basic_string@DU?$char_traits@D@std@@V?$allocator@D@2@@std@@AEAAXQEBD_K@Z 0000000140001e20 f i main.obj
 0001:00000fc0       ??$_Construct@$01PEBD@?$basic_string@DU?$char_traits@D@std@@V?$allocator@D@2@@std@@AEAAXQEBD_K@Z 0000000140001fc0 f i main.obj
 0001:00001140       ??$_Construct@$0A@D@?$basic_string@DU?$char_traits@D@std@@V?$allocator@D@2@@std@@AEAAXD_K@Z 0000000140002140 f i main.obj
 0001:000012f0       ??$_Construct_in_place@PEADAEAPEAD@std@@YAXAEAPEAD0@Z 00000001400022f0 f i main.obj
 0001:000012f0       ??$_Construct_in_place@PEADAEBQEAD@std@@YAXAEAPEADAEBQEAD@Z 00000001400022f0 f i main.obj
 0001:00001340       ??$_Convert_size@_K@std@@YA_K_K@Z 0000000140002340 f i main.obj
 0001:00001340       ??$_Unfancy@D@std@@YAPEADPEAD@Z 0000000140002340 f i main.obj
 0001:00001340       ??$_Voidify_iter@PEAPEAD@std@@YAPEAXPEAPEAD@Z 0000000140002340 f i main.obj
 0001:00001340       ??$addressof@$$CBV?$_String_val@U?$_Simple_types@D@std@@@std@@@std@@YAPEBV?$_String_val@U?$_Simple_types@D@std@@@0@AEBV10@@Z 0000000140002340 f i main.obj
 0001:00001340       ??$addressof@PEAD@std@@YAPEAPEADAEAPEAD@Z 0000000140002340 f i main.obj
 0001:00001340       ??$addressof@V?$_String_val@U?$_Simple_types@D@std@@@std@@@std@@YAPEAV?$_String_val@U?$_Simple_types@D@std@@@0@AEAV10@@Z 0000000140002340 f i main.obj
 0001:00001340       ??$addressof@V?$basic_string@DU?$char_traits@D@std@@V?$allocator@D@2@@std@@@std@@YAPEAV?$basic_string@DU?$char_traits@D@std@@V?$allocator@D@2@@0@AEAV10@@Z 0000000140002340 f i main.obj
 0001:00001340       ??$begin@$$CBD$0BL@@std@@YAPEBDAEAY0BL@$$CBD@Z 0000000140002340 f i main.obj
 0001:00001340       ??$begin@$$CBD$0BN@@std@@YAPEBDAEAY0BN@$$CBD@Z 0000000140002340 f i main.obj
 0001:00001340       ??$begin@$$CBD$0P@@std@@YAPEBDAEAY0P@$$CBD@Z 0000000140002340 f i main.obj
 0001:00001340       ??$forward@AEAPEAD@std@@YAAEAPEADAEAPEAD@Z 0000000140002340 f i main.obj
 0001:00001340       ??$forward@AEAPEAV_Facet_base@std@@@std@@YAAEAPEAV_Facet_base@0@AEAPEAV10@@Z 0000000140002340 f i main.obj
 0001:00001340       ??$forward@AEBQEAD@std@@YAAEBQEADAEBQEAD@Z 0000000140002340 f i main.obj
 0001:00001340       ??$forward@V?$allocator@D@std@@@std@@YA$$QEAV?$allocator@D@0@AEAV10@@Z 0000000140002340 f i main.obj
 0001:00001340       ??$move@AEAV?$allocator@D@std@@@std@@YA$$QEAV?$allocator@D@0@AEAV10@@Z 0000000140002340 f i main.obj
 0001:00001340       ??$move@AEAV?$basic_string@DU?$char_traits@D@std@@V?$allocator@D@2@@std@@@std@@YA$$QEAV?$basic_string@DU?$char_traits@D@std@@V?$allocator@D@2@@0@AEAV10@@Z 0000000140002340 f i main.obj
 0001:00001340       ??0?$allocator@D@std@@QEAA@XZ 0000000140002340 f i main.obj
 0001:00001340       ??D?$ostreambuf_iterator@DU?$char_traits@D@std@@@std@@QEAAAEAV01@XZ 0000000140002340 f i main.obj
 0001:00001340       ??E?$ostreambuf_iterator@DU?$char_traits@D@std@@@std@@QEAAAEAV01@XZ 0000000140002340 f i main.obj
 0001:00001340       ?_Get_first@?$_Compressed_pair@U?$default_delete@V_Facet_base@std@@@std@@PEAV_Facet_base@2@$00@std@@QEAAAEAU?$default_delete@V_Facet_base@std@@@2@XZ 0000000140002340 f i main.obj
 0001:00001340       ?_Get_first@?$_Compressed_pair@V?$allocator@D@std@@V?$_String_val@U?$_Simple_types@D@std@@@2@$00@std@@QEAAAEAV?$allocator@D@2@XZ 0000000140002340 f i main.obj
 0001:00001340       ?_Get_first@?$_Compressed_pair@V?$allocator@D@std@@V?$_String_val@U?$_Simple_types@D@std@@@2@$00@std@@QEBAAEBV?$allocator@D@2@XZ 0000000140002340 f i main.obj
 0001:00001350       ??$_Deallocate@$0BA@$0A@@std@@YAXPEAX_K@Z 0000000140002350 f i main.obj
 0001:00001390       ??$_Destroy_in_place@PEAD@std@@YAXAEAPEAD@Z 0000000140002390 f i main.obj
 0001:00001390       ??1_Bxty@?$_String_val@U?$_Simple_types@D@std@@@std@@QEAA@XZ 0000000140002390 f i main.obj
 0001:00001390       ??1error_category@std@@UEAA@XZ 0000000140002390 f i main.obj
 0001:00001390       ?_Orphan_all@_Container_base0@std@@QEAAXXZ 0000000140002390 f i main.obj
 0001:00001390       ?_Release@_Fake_proxy_ptr_impl@std@@QEAAXXZ 0000000140002390 f i main.obj
 0001:000013a0       ??$_Find_elem@D$0BL@@std@@YA_KAEAY0BL@$$CBDD@Z 00000001400023a0 f i main.obj
 0001:000013e0       ??$_Find_elem@D$0BN@@std@@YA_KAEAY0BN@$$CBDD@Z 00000001400023e0 f i main.obj
 0001:00001420       ??$_Find_elem@D$0P@@std@@YA_KAEAY0P@$$CBDD@Z 0000000140002420 f i main.obj
 0001:00001460       ??$_Find_unchecked@PEBDD@std@@YAPEBDPEBDQEBDAEBD@Z 0000000140002460 f i main.obj
 0001:00001510       ??$_Float_put_desired_precision@N@std@@YAH_JH@Z 0000000140002510 f i main.obj
 0001:00001510       ??$_Float_put_desired_precision@O@std@@YAH_JH@Z 0000000140002510 f i main.obj
 0001:000015b0       ??$_Get_size_of_n@$00@std@@YA_K_K@Z 00000001400025b0 f i main.obj
 0001:000015d0       ??$_Getloctxt@V?$istreambuf_iterator@DU?$char_traits@D@std@@@std@@D@std@@YAHAEAV?$istreambuf_iterator@DU?$char_traits@D@std@@@0@0_KPEBDW4_Case_sensitive@0@@Z 00000001400025d0 f i main.obj
 0001:00001a10       ??$_Getvals@D@?$numpunct@D@std@@IEAAXDPEBUlconv@@U_Cvtvec@@@Z 0000000140002a10 f i main.obj
 0001:00001a80       ??$_Immortalize_memcpy_image@V_Iostream_error_category2@std@@@std@@YAAEBV_Iostream_error_category2@0@XZ 0000000140002a80 f i main.obj
 0001:00001a90       ??$_Maklocchr@D@std@@YADDPEADAEBU_Cvtvec@@@Z 0000000140002a90 f i main.obj
 0001:00001ab0       ??$_Maklocstr@D@std@@YAPEADPEBDPEADAEBU_Cvtvec@@@Z 0000000140002ab0 f i main.obj
 0001:00001b50       ??$_Pocma@V?$allocator@D@std@@@std@@YAXAEAV?$allocator@D@0@0@Z 0000000140002b50 f i main.obj
 0001:00001b70       ??$_Reallocate_grow_by@V<lambda_319d5e083f45f90dcdce5dce53cbb275>@@D@?$basic_string@DU?$char_traits@D@std@@V?$allocator@D@2@@std@@AEAAAEAV01@_KV<lambda_319d5e083f45f90dcdce5dce53cbb275>@@D@Z 0000000140002b70 f i main.obj
 0001:00001d20       ??$_Reallocate_grow_by@V<lambda_65e615be2a453ca0576c979606f46740>@@PEBD_K@?$basic_string@DU?$char_traits@D@std@@V?$allocator@D@2@@std@@AEAAAEAV01@_KV<lambda_65e615be2a453ca0576c979606f46740>@@PEBD_K@Z 0000000140002d20 f i main.obj
 0001:00001ef0       ??$_Reallocate_grow_by@V<lambda_b986da8d428e4af07c64af60eec09b61>@@_K_KD@?$basic_string@DU?$char_traits@D@std@@V?$allocator@D@2@@std@@AEAAAEAV01@_KV<lambda_b986da8d428e4af07c64af60eec09b61>@@_K2D@Z 0000000140002ef0 f i main.obj
 0001:000020f0       ??$_Reallocate_grow_by@V<lambda_e1befb086ad3257e3f042a63030725f7>@@_KD@?$basic_string@DU?$char_traits@D@std@@V?$allocator@D@2@@std@@AEAAAEAV01@_KV<lambda_e1befb086ad3257e3f042a63030725f7>@@_KD@Z 00000001400030f0 f i main.obj
 0001:000022c0       ??$_To_address@PEBD@std@@YA?A_PAEBQEBD@Z 00000001400032c0 f i main.obj
 0001:000022d0       ??$_Within_limits@PEBDD@std@@YA_NAEBQEBDAEBD@Z 00000001400032d0 f i main.obj
 0001:00002320       ??$__std_find_trivial@$$CBDD@@YAPEBDPEBD0D@Z 0000000140003320 f i main.obj
 0001:00002350       ??$end@$$CBD$0BL@@std@@YAPEBDAEAY0BL@$$CBD@Z 0000000140003350 f i main.obj
 0001:00002360       ??$end@$$CBD$0BN@@std@@YAPEBDAEAY0BN@$$CBD@Z 0000000140003360 f i main.obj
 0001:00002370       ??$end@$$CBD$0P@@std@@YAPEBDAEAY0P@$$CBD@Z 0000000140003370 f i main.obj
 0001:00002380       ??$exchange@PEAV_Facet_base@std@@$$T@std@@YAPEAV_Facet_base@0@AEAPEAV10@$$QEA$$T@Z 0000000140003380 f i main.obj
 0001:000023c0       ??$max@_K@std@@YAAEB_KAEB_K0@Z 00000001400033c0 f i main.obj
 0001:00002410       ??$min@_K@std@@YAAEB_KAEB_K0@Z 0000000140003410 f i main.obj
 0001:00002460       ??$use_facet@V?$ctype@D@std@@@std@@YAAEBV?$ctype@D@0@AEBVlocale@0@@Z 0000000140003460 f i main.obj
 0001:00002570       ??$use_facet@V?$num_get@DV?$istreambuf_iterator@DU?$char_traits@D@std@@@std@@@std@@@std@@YAAEBV?$num_get@DV?$istreambuf_iterator@DU?$char_traits@D@std@@@std@@@0@AEBVlocale@0@@Z 0000000140003570 f i main.obj
 0001:00002680       ??$use_facet@V?$num_put@DV?$ostreambuf_iterator@DU?$char_traits@D@std@@@std@@@std@@@std@@YAAEBV?$num_put@DV?$ostreambuf_iterator@DU?$char_traits@D@std@@@std@@@0@AEBVlocale@0@@Z 0000000140003680 f i main.obj
 0001:00002790       ??$use_facet@V?$numpunct@D@std@@@std@@YAAEBV?$numpunct@D@0@AEBVlocale@0@@Z 0000000140003790 f i main.obj
 0001:000028a0       ??0?$_String_val@U?$_Simple_types@D@std@@@std@@QEAA@XZ 00000001400038a0 f i main.obj
 0001:000028e0       ??0?$_Yarn@D@std@@QEAA@XZ  00000001400038e0 f i main.obj
 0001:00002900       ??0?$_Yarn@_W@std@@QEAA@XZ 0000000140003900 f i main.obj
 0001:00002930       ??0?$basic_string@DU?$char_traits@D@std@@V?$allocator@D@2@@std@@QEAA@$$QEAV01@@Z 0000000140003930 f i main.obj
 0001:00002990       ??0?$basic_string@DU?$char_traits@D@std@@V?$allocator@D@2@@std@@QEAA@AEBV01@@Z 0000000140003990 f i main.obj
 0001:00002a00       ??0?$basic_string@DU?$char_traits@D@std@@V?$allocator@D@2@@std@@QEAA@QEBD@Z 0000000140003a00 f i main.obj
 0001:00002a50       ??0?$basic_string@DU?$char_traits@D@std@@V?$allocator@D@2@@std@@QEAA@QEBD_K@Z 0000000140003a50 f i main.obj
 0001:00002aa0       ??0?$basic_string@DU?$char_traits@D@std@@V?$allocator@D@2@@std@@QEAA@XZ 0000000140003aa0 f i main.obj
 0001:00002af0       ??0?$basic_string@DU?$char_traits@D@std@@V?$allocator@D@2@@std@@QEAA@_KD@Z 0000000140003af0 f i main.obj
 0001:00002b40       ??0?$ctype@D@std@@QEAA@AEBV_Locinfo@1@_K@Z 0000000140003b40 f i main.obj
 0001:00002b90       ??0?$istreambuf_iterator@DU?$char_traits@D@std@@@std@@QEAA@AEAV?$basic_istream@DU?$char_traits@D@std@@@1@@Z 0000000140003b90 f i main.obj
 0001:00002c10       ??0?$istreambuf_iterator@DU?$char_traits@D@std@@@std@@QEAA@XZ 0000000140003c10 f i main.obj
 0001:00002c40       ??0?$num_get@DV?$istreambuf_iterator@DU?$char_traits@D@std@@@std@@@std@@QEAA@AEBV_Locinfo@1@_K@Z 0000000140003c40 f i main.obj
 0001:00002c90       ??0?$num_put@DV?$ostreambuf_iterator@DU?$char_traits@D@std@@@std@@@std@@QEAA@AEBV_Locinfo@1@_K@Z 0000000140003c90 f i main.obj
 0001:00002ce0       ??0?$numpunct@D@std@@QEAA@AEBV_Locinfo@1@_K_N@Z 0000000140003ce0 f i main.obj
 0001:00002d40       ??0?$ostreambuf_iterator@DU?$char_traits@D@std@@@std@@QEAA@PEAV?$basic_streambuf@DU?$char_traits@D@std@@@1@@Z 0000000140003d40 f i main.obj
 0001:00002d70       ??0_Bxty@?$_String_val@U?$_Simple_types@D@std@@@std@@QEAA@XZ 0000000140003d70 f i main.obj
 0001:00002d90       ??0_Facet_base@std@@QEAA@XZ 0000000140003d90 f i main.obj
 0001:00002db0       ??0_Fake_proxy_ptr_impl@std@@QEAA@AEBU_Fake_allocator@1@AEBU_Container_base0@1@@Z 0000000140003db0 f i main.obj
 0001:00002dd0       ??0_Locinfo@std@@QEAA@PEBD@Z 0000000140003dd0 f i main.obj
 0001:00002e90       ??0_Sentry_base@?$basic_istream@DU?$char_traits@D@std@@@std@@QEAA@AEAV12@@Z 0000000140003e90 f i main.obj
 0001:00002e90       ??0_Sentry_base@?$basic_ostream@DU?$char_traits@D@std@@@std@@QEAA@AEAV12@@Z 0000000140003e90 f i main.obj
 0001:00002f00       ??0_System_error@std@@IEAA@Verror_code@1@AEBV?$basic_string@DU?$char_traits@D@std@@V?$allocator@D@2@@1@@Z 0000000140003f00 f i main.obj
 0001:00003000       ??0_System_error@std@@QEAA@AEBV01@@Z 0000000140004000 f i main.obj
 0001:00003060       ??0bad_alloc@std@@AEAA@QEBD@Z 0000000140004060 f i main.obj
 0001:000030a0       ??0bad_alloc@std@@QEAA@AEBV01@@Z 00000001400040a0 f i main.obj
 0001:000030e0       ??0bad_array_new_length@std@@QEAA@AEBV01@@Z 00000001400040e0 f i main.obj
 0001:00003120       ??0bad_array_new_length@std@@QEAA@XZ 0000000140004120 f i main.obj
 0001:00003160       ??0bad_cast@std@@QEAA@AEBV01@@Z 0000000140004160 f i main.obj
 0001:000031a0       ??0bad_cast@std@@QEAA@XZ   00000001400041a0 f i main.obj
 0001:000031e0       ??0ctype_base@std@@QEAA@_K@Z 00000001400041e0 f i main.obj
 0001:00003220       ??0error_code@std@@QEAA@HAEBVerror_category@1@@Z 0000000140004220 f i main.obj
 0001:00003220       ??0error_condition@std@@QEAA@HAEBVerror_category@1@@Z 0000000140004220 f i main.obj
 0001:00003250       ??0exception@std@@QEAA@AEBV01@@Z 0000000140004250 f i main.obj
 0001:000032b0       ??0exception@std@@QEAA@QEBD@Z 00000001400042b0 f i main.obj
 0001:00003320       ??0exception@std@@QEAA@QEBDH@Z 0000000140004320 f i main.obj
 0001:00003370       ??0facet@locale@std@@IEAA@_K@Z 0000000140004370 f i main.obj
 0001:000033b0       ??0failure@ios_base@std@@QEAA@AEBV012@@Z 00000001400043b0 f i main.obj
 0001:000033f0       ??0failure@ios_base@std@@QEAA@PEBDAEBVerror_code@2@@Z 00000001400043f0 f i main.obj
 0001:00003450       ??0id@locale@std@@QEAA@_K@Z 0000000140004450 f i main.obj
 0001:00003470       ??0locale@std@@QEAA@AEBV01@@Z 0000000140004470 f i main.obj
 0001:000034c0       ??0locale@std@@QEAA@XZ     00000001400044c0 f i main.obj
 0001:000034f0       ??0runtime_error@std@@QEAA@AEBV01@@Z 00000001400044f0 f i main.obj
 0001:00003530       ??0runtime_error@std@@QEAA@AEBV?$basic_string@DU?$char_traits@D@std@@V?$allocator@D@2@@1@@Z 0000000140004530 f i main.obj
 0001:00003570       ??0sentry@?$basic_istream@DU?$char_traits@D@std@@@std@@QEAA@AEAV12@_N@Z 0000000140004570 f i main.obj
 0001:000035c0       ??0sentry@?$basic_ostream@DU?$char_traits@D@std@@@std@@QEAA@AEAV12@@Z 00000001400045c0 f i main.obj
 0001:00003690       ??0system_error@std@@QEAA@AEBV01@@Z 0000000140004690 f i main.obj
 0001:000036d0       ??0system_error@std@@QEAA@Verror_code@1@PEBD@Z 00000001400046d0 f i main.obj
 0001:00003770       ??1?$_Compressed_pair@V?$allocator@D@std@@V?$_String_val@U?$_Simple_types@D@std@@@2@$00@std@@QEAA@XZ 0000000140004770 f i main.obj
 0001:00003790       ??1?$_String_val@U?$_Simple_types@D@std@@@std@@QEAA@XZ 0000000140004790 f i main.obj
 0001:000037b0       ??1?$_Tidy_guard@V?$numpunct@D@std@@@std@@QEAA@XZ 00000001400047b0 f i main.obj
 0001:000037e0       ??1?$_Yarn@D@std@@QEAA@XZ  00000001400047e0 f i main.obj
 0001:000037e0       ??1?$_Yarn@_W@std@@QEAA@XZ 00000001400047e0 f i main.obj
 0001:00003800       ??1?$basic_string@DU?$char_traits@D@std@@V?$allocator@D@2@@std@@QEAA@XZ 0000000140004800 f i main.obj
 0001:00003830       ??1?$ctype@D@std@@MEAA@XZ  0000000140004830 f i main.obj
 0001:00003870       ??1?$num_get@DV?$istreambuf_iterator@DU?$char_traits@D@std@@@std@@@std@@MEAA@XZ 0000000140004870 f i main.obj
 0001:000038a0       ??1?$num_put@DV?$ostreambuf_iterator@DU?$char_traits@D@std@@@std@@@std@@MEAA@XZ 00000001400048a0 f i main.obj
 0001:000038d0       ??1?$numpunct@D@std@@MEAA@XZ 00000001400048d0 f i main.obj
 0001:00003910       ??1?$unique_ptr@V_Facet_base@std@@U?$default_delete@V_Facet_base@std@@@2@@std@@QEAA@XZ 0000000140004910 f i main.obj
 0001:00003950       ??1_Facet_base@std@@UEAA@XZ 0000000140004950 f i main.obj
 0001:00003970       ??1_Iostream_error_category2@std@@UEAA@XZ 0000000140004970 f i main.obj
 0001:00003990       ??1_Locinfo@std@@QEAA@XZ   0000000140004990 f i main.obj
 0001:00003a20       ??1_Sentry_base@?$basic_istream@DU?$char_traits@D@std@@@std@@QEAA@XZ 0000000140004a20 f i main.obj
 0001:00003a20       ??1_Sentry_base@?$basic_ostream@DU?$char_traits@D@std@@@std@@QEAA@XZ 0000000140004a20 f i main.obj
 0001:00003a80       ??1_System_error@std@@UEAA@XZ 0000000140004a80 f i main.obj
 0001:00003a80       ??1bad_array_new_length@std@@UEAA@XZ 0000000140004a80 f i main.obj
 0001:00003aa0       ??1bad_alloc@std@@UEAA@XZ  0000000140004aa0 f i main.obj
 0001:00003aa0       ??1bad_cast@std@@UEAA@XZ   0000000140004aa0 f i main.obj
 0001:00003aa0       ??1runtime_error@std@@UEAA@XZ 0000000140004aa0 f i main.obj
 0001:00003ac0       ??1ctype_base@std@@UEAA@XZ 0000000140004ac0 f i main.obj
 0001:00003af0       ??1exception@std@@UEAA@XZ  0000000140004af0 f i main.obj
 0001:00003b20       ??1facet@locale@std@@MEAA@XZ 0000000140004b20 f i main.obj
 0001:00003b50       ??1failure@ios_base@std@@UEAA@XZ 0000000140004b50 f i main.obj
 0001:00003b70       ??1locale@std@@QEAA@XZ     0000000140004b70 f i main.obj
 0001:00003be0       ??1sentry@?$basic_istream@DU?$char_traits@D@std@@@std@@QEAA@XZ 0000000140004be0 f i main.obj
 0001:00003c00       ??1sentry@?$basic_ostream@DU?$char_traits@D@std@@@std@@QEAA@XZ 0000000140004c00 f i main.obj
 0001:00003c50       ??1system_error@std@@UEAA@XZ 0000000140004c50 f i main.obj
 0001:00003c70       ??2@YAPEAX_KPEAX@Z         0000000140004c70 f i main.obj
 0001:00003c80       ??4?$basic_string@DU?$char_traits@D@std@@V?$allocator@D@2@@std@@QEAAAEAV01@$$QEAV01@@Z 0000000140004c80 f i main.obj
 0001:00003d00       ??4?$ostreambuf_iterator@DU?$char_traits@D@std@@@std@@QEAAAEAV01@D@Z 0000000140004d00 f i main.obj
 0001:00003d70       ??5?$basic_istream@DU?$char_traits@D@std@@@std@@QEAAAEAV01@AEAH@Z 0000000140004d70 f i main.obj
 0001:00003db0       ??5?$basic_istream@DU?$char_traits@D@std@@@std@@QEAAAEAV01@AEAN@Z 0000000140004db0 f i main.obj
 0001:00003de0       ??6?$basic_ostream@DU?$char_traits@D@std@@@std@@QEAAAEAV01@N@Z 0000000140004de0 f i main.obj
 0001:00003fc0       ??8error_category@std@@QEBA_NAEBV01@@Z 0000000140004fc0 f i main.obj
 0001:00004000       ??8std@@YA_NAEBVerror_condition@0@0@Z 0000000140005000 f i main.obj
 0001:00004080       ??A?$basic_string@DU?$char_traits@D@std@@V?$allocator@D@2@@std@@QEAAAEAD_K@Z 0000000140005080 f i main.obj
 0001:00004080       ??A?$basic_string@DU?$char_traits@D@std@@V?$allocator@D@2@@std@@QEBAAEBD_K@Z 0000000140005080 f i main.obj
 0001:000040b0       ??Bid@locale@std@@QEAA_KXZ 00000001400050b0 f i main.obj
 0001:00004110       ??Bsentry@?$basic_istream@DU?$char_traits@D@std@@@std@@QEBA_NXZ 0000000140005110 f i main.obj
 0001:00004110       ??Bsentry@?$basic_ostream@DU?$char_traits@D@std@@@std@@QEBA_NXZ 0000000140005110 f i main.obj
 0001:00004120       ??D?$istreambuf_iterator@DU?$char_traits@D@std@@@std@@QEBADXZ 0000000140005120 f i main.obj
 0001:00004150       ??E?$istreambuf_iterator@DU?$char_traits@D@std@@@std@@QEAAAEAV01@XZ 0000000140005150 f i main.obj
 0001:00004170       ??R<lambda_319d5e083f45f90dcdce5dce53cbb275>@@QEBA@QEADQEBD_KD@Z 0000000140005170 f i main.obj
 0001:000041e0       ??R<lambda_65e615be2a453ca0576c979606f46740>@@QEBA@QEADQEBD_K12@Z 00000001400051e0 f i main.obj
 0001:00004260       ??R<lambda_b986da8d428e4af07c64af60eec09b61>@@QEBA@QEADQEBD_K22D@Z 0000000140005260 f i main.obj
 0001:00004310       ??R<lambda_e1befb086ad3257e3f042a63030725f7>@@QEBA@QEADQEBD_K2D@Z 0000000140005310 f i main.obj
 0001:000043a0       ??R?$default_delete@V_Facet_base@std@@@std@@QEBAXPEAV_Facet_base@1@@Z 00000001400053a0 f i main.obj
 0001:000043f0       ??Y?$basic_string@DU?$char_traits@D@std@@V?$allocator@D@2@@std@@QEAAAEAV01@AEBV01@@Z 00000001400053f0 f i main.obj
 0001:00004420       ??_E?$ctype@D@std@@MEAAPEAXI@Z 0000000140005420 f i main.obj
 0001:00004420       ??_G?$ctype@D@std@@MEAAPEAXI@Z 0000000140005420 f i main.obj
 0001:00004460       ??_E?$num_get@DV?$istreambuf_iterator@DU?$char_traits@D@std@@@std@@@std@@MEAAPEAXI@Z 0000000140005460 f i main.obj
 0001:00004460       ??_G?$num_get@DV?$istreambuf_iterator@DU?$char_traits@D@std@@@std@@@std@@MEAAPEAXI@Z 0000000140005460 f i main.obj
 0001:000044a0       ??_E?$num_put@DV?$ostreambuf_iterator@DU?$char_traits@D@std@@@std@@@std@@MEAAPEAXI@Z 00000001400054a0 f i main.obj
 0001:000044a0       ??_G?$num_put@DV?$ostreambuf_iterator@DU?$char_traits@D@std@@@std@@@std@@MEAAPEAXI@Z 00000001400054a0 f i main.obj
 0001:000044e0       ??_E?$numpunct@D@std@@MEAAPEAXI@Z 00000001400054e0 f i main.obj
 0001:000044e0       ??_G?$numpunct@D@std@@MEAAPEAXI@Z 00000001400054e0 f i main.obj
 0001:00004520       ??_E_Facet_base@std@@UEAAPEAXI@Z 0000000140005520 f i main.obj
 0001:00004520       ??_G_Facet_base@std@@UEAAPEAXI@Z 0000000140005520 f i main.obj
 0001:00004560       ??_E_Iostream_error_category2@std@@UEAAPEAXI@Z 0000000140005560 f i main.obj
 0001:00004560       ??_G_Iostream_error_category2@std@@UEAAPEAXI@Z 0000000140005560 f i main.obj
 0001:000045a0       ??_E_System_error@std@@UEAAPEAXI@Z 00000001400055a0 f i main.obj
 0001:000045a0       ??_G_System_error@std@@UEAAPEAXI@Z 00000001400055a0 f i main.obj
 0001:000045e0       ??_Ebad_alloc@std@@UEAAPEAXI@Z 00000001400055e0 f i main.obj
 0001:000045e0       ??_Ebad_cast@std@@UEAAPEAXI@Z 00000001400055e0 f i main.obj
 0001:000045e0       ??_Eruntime_error@std@@UEAAPEAXI@Z 00000001400055e0 f i main.obj
 0001:000045e0       ??_Gbad_alloc@std@@UEAAPEAXI@Z 00000001400055e0 f i main.obj
 0001:000045e0       ??_Gbad_cast@std@@UEAAPEAXI@Z 00000001400055e0 f i main.obj
 0001:000045e0       ??_Gruntime_error@std@@UEAAPEAXI@Z 00000001400055e0 f i main.obj
 0001:00004620       ??_Ebad_array_new_length@std@@UEAAPEAXI@Z 0000000140005620 f i main.obj
 0001:00004620       ??_Gbad_array_new_length@std@@UEAAPEAXI@Z 0000000140005620 f i main.obj
 0001:00004660       ??_Ectype_base@std@@UEAAPEAXI@Z 0000000140005660 f i main.obj
 0001:00004660       ??_Gctype_base@std@@UEAAPEAXI@Z 0000000140005660 f i main.obj
 0001:000046a0       ??_Eexception@std@@UEAAPEAXI@Z 00000001400056a0 f i main.obj
 0001:000046a0       ??_Gexception@std@@UEAAPEAXI@Z 00000001400056a0 f i main.obj
 0001:000046e0       ??_Efacet@locale@std@@MEAAPEAXI@Z 00000001400056e0 f i main.obj
 0001:000046e0       ??_Gfacet@locale@std@@MEAAPEAXI@Z 00000001400056e0 f i main.obj
 0001:00004720       ??_Efailure@ios_base@std@@UEAAPEAXI@Z 0000000140005720 f i main.obj
 0001:00004720       ??_Gfailure@ios_base@std@@UEAAPEAXI@Z 0000000140005720 f i main.obj
 0001:00004760       ??_Esystem_error@std@@UEAAPEAXI@Z 0000000140005760 f i main.obj
 0001:00004760       ??_Gsystem_error@std@@UEAAPEAXI@Z 0000000140005760 f i main.obj
 0001:000047a0       ?_Adjust_manually_vector_aligned@std@@YAXAEAPEAXAEA_K@Z 00000001400057a0 f i main.obj
 0001:00004840       ?_Allocate@_Default_allocate_traits@std@@SAPEAX_K@Z 0000000140005840 f i main.obj
 0001:00004860       ?_Calculate_growth@?$basic_string@DU?$char_traits@D@std@@V?$allocator@D@2@@std@@AEBA_K_K@Z 0000000140005860 f i main.obj
 0001:000048a0       ?_Calculate_growth@?$basic_string@DU?$char_traits@D@std@@V?$allocator@D@2@@std@@CA_K_K00@Z 00000001400058a0 f i main.obj
 0001:00004940       ?_Check_offset@?$_String_val@U?$_Simple_types@D@std@@@std@@QEBAX_K@Z 0000000140005940 f i main.obj
 0001:00004970       ?_Decref@facet@locale@std@@UEAAPEAV_Facet_base@3@XZ 0000000140005970 f i main.obj
 0001:000049a0       ?_Eos@?$basic_string@DU?$char_traits@D@std@@V?$allocator@D@2@@std@@AEAAX_K@Z 00000001400059a0 f i main.obj
 0001:000049f0       ?_Ffmt@?$num_put@DV?$ostreambuf_iterator@DU?$char_traits@D@std@@@std@@@std@@AEBAPEADPEADDH@Z 00000001400059f0 f i main.obj
 0001:00004b60       ?_Fput@?$num_put@DV?$ostreambuf_iterator@DU?$char_traits@D@std@@@std@@@std@@AEBA?AV?$ostreambuf_iterator@DU?$char_traits@D@std@@@2@V32@AEAVios_base@2@DPEBD_K@Z 0000000140005b60 f i main.obj
 0001:00005300       ?_Getal@?$basic_string@DU?$char_traits@D@std@@V?$allocator@D@2@@std@@AEAAAEAV?$allocator@D@2@XZ 0000000140006300 f i main.obj
 0001:00005300       ?_Getal@?$basic_string@DU?$char_traits@D@std@@V?$allocator@D@2@@std@@AEBAAEBV?$allocator@D@2@XZ 0000000140006300 f i main.obj
 0001:00005320       ?_Getcat@?$ctype@D@std@@SA_KPEAPEBVfacet@locale@2@PEBV42@@Z 0000000140006320 f i main.obj
 0001:00005410       ?_Getcat@?$num_get@DV?$istreambuf_iterator@DU?$char_traits@D@std@@@std@@@std@@SA_KPEAPEBVfacet@locale@2@PEBV42@@Z 0000000140006410 f i main.obj
 0001:00005500       ?_Getcat@?$num_put@DV?$ostreambuf_iterator@DU?$char_traits@D@std@@@std@@@std@@SA_KPEAPEBVfacet@locale@2@PEBV42@@Z 0000000140006500 f i main.obj
 0001:000055f0       ?_Getcat@?$numpunct@D@std@@SA_KPEAPEBVfacet@locale@2@PEBV42@@Z 00000001400065f0 f i main.obj
 0001:000056e0       ?_Getctype@_Locinfo@std@@QEBA?AU_Ctypevec@@XZ 00000001400066e0 f i main.obj
 0001:00005740       ?_Getcvt@_Locinfo@std@@QEBA?AU_Cvtvec@@XZ 0000000140006740 f i main.obj
 0001:000057c0       ?_Getfacet@locale@std@@QEBAPEBVfacet@12@_K@Z 00000001400067c0 f i main.obj
 0001:00005870       ?_Getfalse@_Locinfo@std@@QEBAPEBDXZ 0000000140006870 f i main.obj
 0001:00005880       ?_Getffld@?$num_get@DV?$istreambuf_iterator@DU?$char_traits@D@std@@@std@@@std@@AEBAHPEADAEAV?$istreambuf_iterator@DU?$char_traits@D@std@@@2@1AEAVios_base@2@PEAH@Z 0000000140006880 f i main.obj
 0001:00006450       ?_Getffldx@?$num_get@DV?$istreambuf_iterator@DU?$char_traits@D@std@@@std@@@std@@AEBAHPEADAEAV?$istreambuf_iterator@DU?$char_traits@D@std@@@2@1AEAVios_base@2@PEAH@Z 0000000140007450 f i main.obj
 0001:00006fc0       ?_Getifld@?$num_get@DV?$istreambuf_iterator@DU?$char_traits@D@std@@@std@@@std@@AEBAHPEADAEAV?$istreambuf_iterator@DU?$char_traits@D@std@@@2@1HAEBVlocale@2@@Z 0000000140007fc0 f i main.obj
 0001:00007650       ?_Getlconv@_Locinfo@std@@QEBAPEBUlconv@@XZ 0000000140008650 f i main.obj
 0001:00007670       ?_Gettrue@_Locinfo@std@@QEBAPEBDXZ 0000000140008670 f i main.obj
 0001:00007680       ?_Gnavail@?$basic_streambuf@DU?$char_traits@D@std@@@std@@IEBA_JXZ 0000000140008680 f i main.obj
 0001:000076c0       ?_Gninc@?$basic_streambuf@DU?$char_traits@D@std@@@std@@IEAAPEADXZ 00000001400086c0 f i main.obj
 0001:00007720       ?_Gnpreinc@?$basic_streambuf@DU?$char_traits@D@std@@@std@@IEAAPEADXZ 0000000140008720 f i main.obj
 0001:00007770       ?_Ifmt@?$num_put@DV?$ostreambuf_iterator@DU?$char_traits@D@std@@@std@@@std@@AEBAPEADPEADPEBDH@Z 0000000140008770 f i main.obj
 0001:00007900       ?_Inc@?$istreambuf_iterator@DU?$char_traits@D@std@@@std@@AEAAXXZ 0000000140008900 f i main.obj
 0001:00007970       ?_Incref@facet@locale@std@@UEAAXXZ 0000000140008970 f i main.obj
 0001:00007990       ?_Init@?$ctype@D@std@@IEAAXAEBV_Locinfo@2@@Z 0000000140008990 f i main.obj
 0001:000079d0       ?_Init@?$numpunct@D@std@@IEAAXAEBV_Locinfo@2@_N@Z 00000001400089d0 f i main.obj
 0001:00007bb0       ?_Ipfx@?$basic_istream@DU?$char_traits@D@std@@@std@@QEAA_N_N@Z 0000000140008bb0 f i main.obj
 0001:00007e40       ?_Iput@?$num_put@DV?$ostreambuf_iterator@DU?$char_traits@D@std@@@std@@@std@@AEBA?AV?$ostreambuf_iterator@DU?$char_traits@D@std@@@2@V32@AEAVios_base@2@DPEAD_K@Z 0000000140008e40 f i main.obj
 0001:000084f0       ?_Large_string_engaged@?$_String_val@U?$_Simple_types@D@std@@@std@@QEBA_NXZ 00000001400094f0 f i main.obj
 0001:00008520       ?_Makestr@_System_error@std@@CA?AV?$basic_string@DU?$char_traits@D@std@@V?$allocator@D@2@@2@Verror_code@2@V32@@Z 0000000140009520 f i main.obj
 0001:000085f0       ?_Memcpy_val_from@?$basic_string@DU?$char_traits@D@std@@V?$allocator@D@2@@std@@AEAAXAEBV12@@Z 00000001400095f0 f i main.obj
 0001:00008640       ?_Myptr@?$_String_val@U?$_Simple_types@D@std@@@std@@QEAAPEADXZ 0000000140009640 f i main.obj
 0001:00008640       ?_Myptr@?$_String_val@U?$_Simple_types@D@std@@@std@@QEBAPEBDXZ 0000000140009640 f i main.obj
 0001:00008680       ?_Osfx@?$basic_ostream@DU?$char_traits@D@std@@@std@@QEAAXXZ 0000000140009680 f i main.obj
 0001:00008750       ?_Peek@?$istreambuf_iterator@DU?$char_traits@D@std@@@std@@AEBADXZ 0000000140009750 f i main.obj
 0001:000087d0       ?_Pnavail@?$basic_streambuf@DU?$char_traits@D@std@@@std@@IEBA_JXZ 00000001400097d0 f i main.obj
 0001:00008810       ?_Pninc@?$basic_streambuf@DU?$char_traits@D@std@@@std@@IEAAPEADXZ 0000000140009810 f i main.obj
 0001:00008870       ?_Put@?$num_put@DV?$ostreambuf_iterator@DU?$char_traits@D@std@@@std@@@std@@AEBA?AV?$ostreambuf_iterator@DU?$char_traits@D@std@@@2@V32@PEBD_K@Z 0000000140009870 f i main.obj
 0001:00008900       ?_Rep@?$num_put@DV?$ostreambuf_iterator@DU?$char_traits@D@std@@@std@@@std@@AEBA?AV?$ostreambuf_iterator@DU?$char_traits@D@std@@@2@V32@D_K@Z 0000000140009900 f i main.obj
 0001:00008980       ?_Stodx_v2@std@@YANPEBDPEAPEADHPEAH@Z 0000000140009980 f i main.obj
 0001:00008a30       ?_Stofx_v2@std@@YAMPEBDPEAPEADHPEAH@Z 0000000140009a30 f i main.obj
 0001:00008ae0       ?_Swap_proxy_and_iterators@?$basic_string@DU?$char_traits@D@std@@V?$allocator@D@2@@std@@AEAAXAEAV12@@Z 0000000140009ae0 f i main.obj
 0001:00008b10       ?_Take_contents@?$basic_string@DU?$char_traits@D@std@@V?$allocator@D@2@@std@@AEAAXAEAV12@@Z 0000000140009b10 f i main.obj
 0001:00008c00       ?_Throw_bad_array_new_length@std@@YAXXZ 0000000140009c00 f i main.obj
 0001:00008c30       ?_Throw_bad_cast@std@@YAXXZ 0000000140009c30 f i main.obj
 0001:00008c60       ?_Tidy@?$_Yarn@D@std@@AEAAXXZ 0000000140009c60 f i main.obj
 0001:00008c60       ?_Tidy@?$_Yarn@_W@std@@AEAAXXZ 0000000140009c60 f i main.obj
 0001:00008ca0       ?_Tidy@?$ctype@D@std@@IEAAXXZ 0000000140009ca0 f i main.obj
 0001:00008d00       ?_Tidy@?$numpunct@D@std@@AEAAXXZ 0000000140009d00 f i main.obj
 0001:00008d40       ?_Tidy_deallocate@?$basic_string@DU?$char_traits@D@std@@V?$allocator@D@2@@std@@AEAAXXZ 0000000140009d40 f i main.obj
 0001:00008e00       ?_Tidy_init@?$basic_string@DU?$char_traits@D@std@@V?$allocator@D@2@@std@@AEAAXXZ 0000000140009e00 f i main.obj
 0001:00008e60       ?_Xlen_string@std@@YAXXZ   0000000140009e60 f i main.obj
 0001:00008e80       ?_Xran@?$_String_val@U?$_Simple_types@D@std@@@std@@SAXXZ 0000000140009e80 f i main.obj
 0001:00008ea0       ?allocate@?$allocator@D@std@@QEAAPEAD_K@Z 0000000140009ea0 f i main.obj
 0001:00008ed0       ?append@?$basic_string@DU?$char_traits@D@std@@V?$allocator@D@2@@std@@QEAAAEAV12@AEBV12@@Z 0000000140009ed0 f i main.obj
 0001:00008f10       ?append@?$basic_string@DU?$char_traits@D@std@@V?$allocator@D@2@@std@@QEAAAEAV12@QEBD@Z 0000000140009f10 f i main.obj
 0001:00008f50       ?append@?$basic_string@DU?$char_traits@D@std@@V?$allocator@D@2@@std@@QEAAAEAV12@QEBD_K@Z 0000000140009f50 f i main.obj
 0001:00009050       ?append@?$basic_string@DU?$char_traits@D@std@@V?$allocator@D@2@@std@@QEAAAEAV12@_KD@Z 000000014000a050 f i main.obj
 0001:00009150       ?assign@?$_Narrow_char_traits@DH@std@@SAPEADQEAD_KD@Z 000000014000a150 f i main.obj
 0001:00009180       ?assign@?$_Narrow_char_traits@DH@std@@SAXAEADAEBD@Z 000000014000a180 f i main.obj
 0001:000091a0       ?assign@?$basic_string@DU?$char_traits@D@std@@V?$allocator@D@2@@std@@QEAAAEAV12@$$QEAV12@@Z 000000014000a1a0 f i main.obj
 0001:000091d0       ?c_str@?$_Yarn@D@std@@QEBAPEBDXZ 000000014000a1d0 f i main.obj
 0001:00009210       ?c_str@?$basic_string@DU?$char_traits@D@std@@V?$allocator@D@2@@std@@QEBAPEBDXZ 000000014000a210 f i main.obj
 0001:00009230       ?c_str@locale@std@@QEBAPEBDXZ 000000014000a230 f i main.obj
 0001:00009280       ?category@error_code@std@@QEBAAEBVerror_category@2@XZ 000000014000a280 f i main.obj
 0001:00009280       ?category@error_condition@std@@QEBAAEBVerror_category@2@XZ 000000014000a280 f i main.obj
 0001:00009290       ?clear@?$basic_ios@DU?$char_traits@D@std@@@std@@QEAAXH_N@Z 000000014000a290 f i main.obj
 0001:000092f0       ?clear@ios_base@std@@QEAAXH_N@Z 000000014000a2f0 f i main.obj
 0001:000093e0       ?copy@?$_Char_traits@DH@std@@SAPEADQEADQEBD_K@Z 000000014000a3e0 f i main.obj
 0001:000093e0       ?move@?$_Char_traits@DH@std@@SAPEADQEADQEBD_K@Z 000000014000a3e0 f i main.obj
 0001:00009420       ?deallocate@?$allocator@D@std@@QEAAXQEAD_K@Z 000000014000a420 f i main.obj
 0001:00009450       ?decimal_point@?$numpunct@D@std@@QEBADXZ 000000014000a450 f i main.obj
 0001:00009470       ?default_error_condition@error_category@std@@UEBA?AVerror_condition@2@H@Z 000000014000a470 f i main.obj
 0001:000094a0       ?do_decimal_point@?$numpunct@D@std@@MEBADXZ 000000014000a4a0 f i main.obj
 0001:000094b0       ?do_falsename@?$numpunct@D@std@@MEBA?AV?$basic_string@DU?$char_traits@D@std@@V?$allocator@D@2@@2@XZ 000000014000a4b0 f i main.obj
 0001:000094f0       ?do_get@?$num_get@DV?$istreambuf_iterator@DU?$char_traits@D@std@@@std@@@std@@MEBA?AV?$istreambuf_iterator@DU?$char_traits@D@std@@@2@V32@0AEAVios_base@2@AEAHAEAG@Z 000000014000a4f0 f i main.obj
 0001:00009720       ?do_get@?$num_get@DV?$istreambuf_iterator@DU?$char_traits@D@std@@@std@@@std@@MEBA?AV?$istreambuf_iterator@DU?$char_traits@D@std@@@2@V32@0AEAVios_base@2@AEAHAEAI@Z 000000014000a720 f i main.obj
 0001:00009800       ?do_get@?$num_get@DV?$istreambuf_iterator@DU?$char_traits@D@std@@@std@@@std@@MEBA?AV?$istreambuf_iterator@DU?$char_traits@D@std@@@2@V32@0AEAVios_base@2@AEAHAEAJ@Z 000000014000a800 f i main.obj
 0001:00009990       ?do_get@?$num_get@DV?$istreambuf_iterator@DU?$char_traits@D@std@@@std@@@std@@MEBA?AV?$istreambuf_iterator@DU?$char_traits@D@std@@@2@V32@0AEAVios_base@2@AEAHAEAK@Z 000000014000a990 f i main.obj
 0001:00009b20       ?do_get@?$num_get@DV?$istreambuf_iterator@DU?$char_traits@D@std@@@std@@@std@@MEBA?AV?$istreambuf_iterator@DU?$char_traits@D@std@@@2@V32@0AEAVios_base@2@AEAHAEAM@Z 000000014000ab20 f i main.obj
 0001:00009ce0       ?do_get@?$num_get@DV?$istreambuf_iterator@DU?$char_traits@D@std@@@std@@@std@@MEBA?AV?$istreambuf_iterator@DU?$char_traits@D@std@@@2@V32@0AEAVios_base@2@AEAHAEAN@Z 000000014000ace0 f i main.obj
 0001:00009ea0       ?do_get@?$num_get@DV?$istreambuf_iterator@DU?$char_traits@D@std@@@std@@@std@@MEBA?AV?$istreambuf_iterator@DU?$char_traits@D@std@@@2@V32@0AEAVios_base@2@AEAHAEAO@Z 000000014000aea0 f i main.obj
 0001:00009f80       ?do_get@?$num_get@DV?$istreambuf_iterator@DU?$char_traits@D@std@@@std@@@std@@MEBA?AV?$istreambuf_iterator@DU?$char_traits@D@std@@@2@V32@0AEAVios_base@2@AEAHAEAPEAX@Z 000000014000af80 f i main.obj
 0001:0000a120       ?do_get@?$num_get@DV?$istreambuf_iterator@DU?$char_traits@D@std@@@std@@@std@@MEBA?AV?$istreambuf_iterator@DU?$char_traits@D@std@@@2@V32@0AEAVios_base@2@AEAHAEA_J@Z 000000014000b120 f i main.obj
 0001:0000a2c0       ?do_get@?$num_get@DV?$istreambuf_iterator@DU?$char_traits@D@std@@@std@@@std@@MEBA?AV?$istreambuf_iterator@DU?$char_traits@D@std@@@2@V32@0AEAVios_base@2@AEAHAEA_K@Z 000000014000b2c0 f i main.obj
 0001:0000a460       ?do_get@?$num_get@DV?$istreambuf_iterator@DU?$char_traits@D@std@@@std@@@std@@MEBA?AV?$istreambuf_iterator@DU?$char_traits@D@std@@@2@V32@0AEAVios_base@2@AEAHAEA_N@Z 000000014000b460 f i main.obj
 0001:0000a7f0       ?do_grouping@?$numpunct@D@std@@MEBA?AV?$basic_string@DU?$char_traits@D@std@@V?$allocator@D@2@@2@XZ 000000014000b7f0 f i main.obj
 0001:0000a830       ?do_narrow@?$ctype@D@std@@MEBADDD@Z 000000014000b830 f i main.obj
 0001:0000a850       ?do_narrow@?$ctype@D@std@@MEBAPEBDPEBD0DPEAD@Z 000000014000b850 f i main.obj
 0001:0000a8b0       ?do_put@?$num_put@DV?$ostreambuf_iterator@DU?$char_traits@D@std@@@std@@@std@@MEBA?AV?$ostreambuf_iterator@DU?$char_traits@D@std@@@2@V32@AEAVios_base@2@DJ@Z 000000014000b8b0 f i main.obj
 0001:0000a9a0       ?do_put@?$num_put@DV?$ostreambuf_iterator@DU?$char_traits@D@std@@@std@@@std@@MEBA?AV?$ostreambuf_iterator@DU?$char_traits@D@std@@@2@V32@AEAVios_base@2@DK@Z 000000014000b9a0 f i main.obj
 0001:0000aa90       ?do_put@?$num_put@DV?$ostreambuf_iterator@DU?$char_traits@D@std@@@std@@@std@@MEBA?AV?$ostreambuf_iterator@DU?$char_traits@D@std@@@2@V32@AEAVios_base@2@DN@Z 000000014000ba90 f i main.obj
 0001:0000ad00       ?do_put@?$num_put@DV?$ostreambuf_iterator@DU?$char_traits@D@std@@@std@@@std@@MEBA?AV?$ostreambuf_iterator@DU?$char_traits@D@std@@@2@V32@AEAVios_base@2@DO@Z 000000014000bd00 f i main.obj
 0001:0000af70       ?do_put@?$num_put@DV?$ostreambuf_iterator@DU?$char_traits@D@std@@@std@@@std@@MEBA?AV?$ostreambuf_iterator@DU?$char_traits@D@std@@@2@V32@AEAVios_base@2@DPEBX@Z 000000014000bf70 f i main.obj
 0001:0000b040       ?do_put@?$num_put@DV?$ostreambuf_iterator@DU?$char_traits@D@std@@@std@@@std@@MEBA?AV?$ostreambuf_iterator@DU?$char_traits@D@std@@@2@V32@AEAVios_base@2@D_J@Z 000000014000c040 f i main.obj
 0001:0000b130       ?do_put@?$num_put@DV?$ostreambuf_iterator@DU?$char_traits@D@std@@@std@@@std@@MEBA?AV?$ostreambuf_iterator@DU?$char_traits@D@std@@@2@V32@AEAVios_base@2@D_K@Z 000000014000c130 f i main.obj
 0001:0000b220       ?do_put@?$num_put@DV?$ostreambuf_iterator@DU?$char_traits@D@std@@@std@@@std@@MEBA?AV?$ostreambuf_iterator@DU?$char_traits@D@std@@@2@V32@AEAVios_base@2@D_N@Z 000000014000c220 f i main.obj
 0001:0000b5a0       ?do_thousands_sep@?$numpunct@D@std@@MEBADXZ 000000014000c5a0 f i main.obj
 0001:0000b5b0       ?do_tolower@?$ctype@D@std@@MEBADD@Z 000000014000c5b0 f i main.obj
 0001:0000b5e0       ?do_tolower@?$ctype@D@std@@MEBAPEBDPEADPEBD@Z 000000014000c5e0 f i main.obj
 0001:0000b650       ?do_toupper@?$ctype@D@std@@MEBADD@Z 000000014000c650 f i main.obj
 0001:0000b680       ?do_toupper@?$ctype@D@std@@MEBAPEBDPEADPEBD@Z 000000014000c680 f i main.obj
 0001:0000b6f0       ?do_truename@?$numpunct@D@std@@MEBA?AV?$basic_string@DU?$char_traits@D@std@@V?$allocator@D@2@@2@XZ 000000014000c6f0 f i main.obj
 0001:0000b730       ?do_widen@?$ctype@D@std@@MEBADD@Z 000000014000c730 f i main.obj
 0001:0000b740       ?do_widen@?$ctype@D@std@@MEBAPEBDPEBD0PEAD@Z 000000014000c740 f i main.obj
 0001:0000b7a0       ?empty@?$basic_string@DU?$char_traits@D@std@@V?$allocator@D@2@@std@@QEBA_NXZ 000000014000c7a0 f i main.obj
 0001:0000b7d0       ?eof@?$_Narrow_char_traits@DH@std@@SAHXZ 000000014000c7d0 f i main.obj
 0001:0000b7e0       ?eq_int_type@?$_Narrow_char_traits@DH@std@@SA_NAEBH0@Z 000000014000c7e0 f i main.obj
 0001:0000b820       ?equal@?$istreambuf_iterator@DU?$char_traits@D@std@@@std@@QEBA_NAEBV12@@Z 000000014000c820 f i main.obj
 0001:0000b8b0       ?equivalent@error_category@std@@UEBA_NAEBVerror_code@2@H@Z 000000014000c8b0 f i main.obj
 0001:0000b910       ?equivalent@error_category@std@@UEBA_NHAEBVerror_condition@2@@Z 000000014000c910 f i main.obj
 0001:0000b950       ?failed@?$ostreambuf_iterator@DU?$char_traits@D@std@@@std@@QEBA_NXZ 000000014000c950 f i main.obj
 0001:0000b950       ?to_char_type@?$_Narrow_char_traits@DH@std@@SADAEBH@Z 000000014000c950 f i main.obj
 0001:0000b950       ?to_int_type@?$_Narrow_char_traits@DH@std@@SAHAEBD@Z 000000014000c950 f i main.obj
 0001:0000b960       ?falsename@?$numpunct@D@std@@QEBA?AV?$basic_string@DU?$char_traits@D@std@@V?$allocator@D@2@@2@XZ 000000014000c960 f i main.obj
 0001:0000b9a0       ?fill@?$basic_ios@DU?$char_traits@D@std@@@std@@QEBADXZ 000000014000c9a0 f i main.obj
 0001:0000b9b0       ?flags@ios_base@std@@QEBAHXZ 000000014000c9b0 f i main.obj
 0001:0000b9c0       ?flush@?$basic_ostream@DU?$char_traits@D@std@@@std@@QEAAAEAV12@XZ 000000014000c9c0 f i main.obj
 0001:0000ba80       ?get@?$num_get@DV?$istreambuf_iterator@DU?$char_traits@D@std@@@std@@@std@@QEBA?AV?$istreambuf_iterator@DU?$char_traits@D@std@@@2@V32@0AEAVios_base@2@AEAHAEAJ@Z 000000014000ca80 f i main.obj
 0001:0000bb30       ?get@?$num_get@DV?$istreambuf_iterator@DU?$char_traits@D@std@@@std@@@std@@QEBA?AV?$istreambuf_iterator@DU?$char_traits@D@std@@@2@V32@0AEAVios_base@2@AEAHAEAN@Z 000000014000cb30 f i main.obj
 0001:0000bbe0       ?getloc@ios_base@std@@QEBA?AVlocale@2@XZ 000000014000cbe0 f i main.obj
 0001:0000bc20       ?good@ios_base@std@@QEBA_NXZ 000000014000cc20 f i main.obj
 0001:0000bc60       ?gptr@?$basic_streambuf@DU?$char_traits@D@std@@@std@@IEBAPEADXZ 000000014000cc60 f i main.obj
 0001:0000bc80       ?grouping@?$numpunct@D@std@@QEBA?AV?$basic_string@DU?$char_traits@D@std@@V?$allocator@D@2@@2@XZ 000000014000cc80 f i main.obj
 0001:0000bcc0       ?insert@?$basic_string@DU?$char_traits@D@std@@V?$allocator@D@2@@std@@QEAAAEAV12@_K0D@Z 000000014000ccc0 f i main.obj
 0001:0000bdf0       ?iostream_category@std@@YAAEBVerror_category@1@XZ 000000014000cdf0 f i main.obj
 0001:0000be00       ?is@?$ctype@D@std@@QEBA_NFD@Z 000000014000ce00 f i main.obj
 0001:0000be50       ?length@?$_Narrow_char_traits@DH@std@@SA_KQEBD@Z 000000014000ce50 f i main.obj
 0001:0000be70       ?make_error_code@std@@YA?AVerror_code@1@W4io_errc@1@@Z 000000014000ce70 f i main.obj
 0001:0000bea0       ?max@?$numeric_limits@_J@std@@SA_JXZ 000000014000cea0 f i main.obj
 0001:0000beb0       ?max_size@?$_Default_allocator_traits@V?$allocator@D@std@@@std@@SA_KAEBV?$allocator@D@2@@Z 000000014000ceb0 f i main.obj
 0001:0000bec0       ?max_size@?$basic_string@DU?$char_traits@D@std@@V?$allocator@D@2@@std@@QEBA_KXZ 000000014000cec0 f i main.obj
 0001:0000bf30       ?message@_Iostream_error_category2@std@@UEBA?AV?$basic_string@DU?$char_traits@D@std@@V?$allocator@D@2@@2@H@Z 000000014000cf30 f i main.obj
 0001:0000bfc0       ?message@error_code@std@@QEBA?AV?$basic_string@DU?$char_traits@D@std@@V?$allocator@D@2@@2@XZ 000000014000cfc0 f i main.obj
 0001:0000c030       ?name@_Iostream_error_category2@std@@UEBAPEBDXZ 000000014000d030 f i main.obj
 0001:0000c040       ?precision@ios_base@std@@QEBA_JXZ 000000014000d040 f i main.obj
 0001:0000c050       ?pubsync@?$basic_streambuf@DU?$char_traits@D@std@@@std@@QEAAHXZ 000000014000d050 f i main.obj
 0001:0000c070       ?push_back@?$basic_string@DU?$char_traits@D@std@@V?$allocator@D@2@@std@@QEAAXD@Z 000000014000d070 f i main.obj
 0001:0000c140       ?put@?$num_put@DV?$ostreambuf_iterator@DU?$char_traits@D@std@@@std@@@std@@QEBA?AV?$ostreambuf_iterator@DU?$char_traits@D@std@@@2@V32@AEAVios_base@2@DN@Z 000000014000d140 f i main.obj
 0001:0000c1c0       ?rdbuf@?$basic_ios@DU?$char_traits@D@std@@@std@@QEBAPEAV?$basic_streambuf@DU?$char_traits@D@std@@@2@XZ 000000014000d1c0 f i main.obj
 0001:0000c1d0       ?rdstate@ios_base@std@@QEBAHXZ 000000014000d1d0 f i main.obj
 0001:0000c1e0       ?release@?$unique_ptr@V_Facet_base@std@@U?$default_delete@V_Facet_base@std@@@2@@std@@QEAAPEAV_Facet_base@2@XZ 000000014000d1e0 f i main.obj
 0001:0000c210       ?resize@?$basic_string@DU?$char_traits@D@std@@V?$allocator@D@2@@std@@QEAAX_KD@Z 000000014000d210 f i main.obj
 0001:0000c280       ?sbumpc@?$basic_streambuf@DU?$char_traits@D@std@@@std@@QEAAHXZ 000000014000d280 f i main.obj
 0001:0000c2d0       ?select_on_container_copy_construction@?$_Default_allocator_traits@V?$allocator@D@std@@@std@@SA?AV?$allocator@D@2@AEBV32@@Z 000000014000d2d0 f i main.obj
 0001:0000c2e0       ?setstate@?$basic_ios@DU?$char_traits@D@std@@@std@@QEAAXH_N@Z 000000014000d2e0 f i main.obj
 0001:0000c320       ?sgetc@?$basic_streambuf@DU?$char_traits@D@std@@@std@@QEAAHXZ 000000014000d320 f i main.obj
 0001:0000c370       ?size@?$basic_string@DU?$char_traits@D@std@@V?$allocator@D@2@@std@@QEBA_KXZ 000000014000d370 f i main.obj
 0001:0000c380       ?snextc@?$basic_streambuf@DU?$char_traits@D@std@@@std@@QEAAHXZ 000000014000d380 f i main.obj
 0001:0000c410       ?sputc@?$basic_streambuf@DU?$char_traits@D@std@@@std@@QEAAHD@Z 000000014000d410 f i main.obj
 0001:0000c490       ?sputn@?$basic_streambuf@DU?$char_traits@D@std@@@std@@QEAA_JPEBD_J@Z 000000014000d490 f i main.obj
 0001:0000c4d0       ?thousands_sep@?$numpunct@D@std@@QEBADXZ 000000014000d4d0 f i main.obj
 0001:0000c4f0       ?tie@?$basic_ios@DU?$char_traits@D@std@@@std@@QEBAPEAV?$basic_ostream@DU?$char_traits@D@std@@@2@XZ 000000014000d4f0 f i main.obj
 0001:0000c500       ?tolower@?$ctype@D@std@@QEBADD@Z 000000014000d500 f i main.obj
 0001:0000c530       ?truename@?$numpunct@D@std@@QEBA?AV?$basic_string@DU?$char_traits@D@std@@V?$allocator@D@2@@2@XZ 000000014000d530 f i main.obj
 0001:0000c570       ?value@error_code@std@@QEBAHXZ 000000014000d570 f i main.obj
 0001:0000c570       ?value@error_condition@std@@QEBAHXZ 000000014000d570 f i main.obj
 0001:0000c580       ?what@exception@std@@UEBAPEBDXZ 000000014000d580 f i main.obj
 0001:0000c5c0       ?widen@?$ctype@D@std@@QEBAPEBDPEBD0PEAD@Z 000000014000d5c0 f i main.obj
 0001:0000c600       ?width@ios_base@std@@QEAA_J_J@Z 000000014000d600 f i main.obj
 0001:0000c640       ?width@ios_base@std@@QEBA_JXZ 000000014000d640 f i main.obj
 0001:0000c650       __local_stdio_printf_options 000000014000d650 f i main.obj
 0001:0000c660       _vsprintf_s_l              000000014000d660 f i main.obj
 0001:0000c6d0       fabsl                      000000014000d6d0 f i main.obj
 0001:0000c6f0       frexpl                     000000014000d6f0 f i main.obj
 0001:0000c720       ldexpf                     000000014000d720 f i main.obj
 0001:0000c750       sprintf_s                  000000014000d750 f i main.obj
 0001:0000c7ac       ??0_Init_locks@std@@QEAA@XZ 000000014000d7ac f   libcpmt:xlock.obj
 0001:0000c7f0       ??0_Lockit@std@@QEAA@H@Z   000000014000d7f0 f   libcpmt:xlock.obj
 0001:0000c82c       ??1_Init_locks@std@@QEAA@XZ 000000014000d82c f   libcpmt:xlock.obj
 0001:0000c868       ??1_Lockit@std@@QEAA@XZ    000000014000d868 f   libcpmt:xlock.obj
 0001:0000c8a0       __std_find_trivial_1       000000014000d8a0 f   libcpmt:vector_algorithms.obj
 0001:0000c968       ??0bad_alloc@std@@QEAA@XZ  000000014000d968 f i libcpmt:xthrow.obj
 0001:0000c988       ??0length_error@std@@QEAA@AEBV01@@Z 000000014000d988 f i libcpmt:xthrow.obj
 0001:0000c9c4       ??0length_error@std@@QEAA@PEBD@Z 000000014000d9c4 f i libcpmt:xthrow.obj
 0001:0000ca0c       ??0logic_error@std@@QEAA@AEBV01@@Z 000000014000da0c f i libcpmt:xthrow.obj
 0001:0000ca48       ??0out_of_range@std@@QEAA@AEBV01@@Z 000000014000da48 f i libcpmt:xthrow.obj
 0001:0000ca84       ??0out_of_range@std@@QEAA@PEBD@Z 000000014000da84 f i libcpmt:xthrow.obj
 0001:0000cacc       ??0runtime_error@std@@QEAA@PEBD@Z 000000014000dacc f i libcpmt:xthrow.obj
 0001:0000cb14       ??1bad_exception@std@@UEAA@XZ 000000014000db14 f i libvcruntime:frame.obj
 0001:0000cb14       ??1length_error@std@@UEAA@XZ 000000014000db14 f i libcpmt:xthrow.obj
 0001:0000cb14       ??1out_of_range@std@@UEAA@XZ 000000014000db14 f i libcpmt:xthrow.obj
 0001:0000cb28       ??_Ebad_exception@std@@UEAAPEAXI@Z 000000014000db28 f i libvcruntime:frame.obj
 0001:0000cb28       ??_Elength_error@std@@UEAAPEAXI@Z 000000014000db28 f i libcpmt:xthrow.obj
 0001:0000cb28       ??_Elogic_error@std@@UEAAPEAXI@Z 000000014000db28 f i libcpmt:xthrow.obj
 0001:0000cb28       ??_Eout_of_range@std@@UEAAPEAXI@Z 000000014000db28 f i libcpmt:xthrow.obj
 0001:0000cb28       ??_Gbad_exception@std@@UEAAPEAXI@Z 000000014000db28 f i libvcruntime:frame.obj
 0001:0000cb28       ??_Glength_error@std@@UEAAPEAXI@Z 000000014000db28 f i libcpmt:xthrow.obj
 0001:0000cb28       ??_Glogic_error@std@@UEAAPEAXI@Z 000000014000db28 f i libcpmt:xthrow.obj
 0001:0000cb28       ??_Gout_of_range@std@@UEAAPEAXI@Z 000000014000db28 f i libcpmt:xthrow.obj
 0001:0000cb6c       ?_Xbad_alloc@std@@YAXXZ    000000014000db6c f   libcpmt:xthrow.obj
 0001:0000cb6c       ?__scrt_throw_std_bad_alloc@@YAXXZ 000000014000db6c f   LIBCMT:throw_bad_alloc.obj
 0001:0000cb8c       ?_Xlength_error@std@@YAXPEBD@Z 000000014000db8c f   libcpmt:xthrow.obj
 0001:0000cbb0       ?_Xout_of_range@std@@YAXPEBD@Z 000000014000dbb0 f   libcpmt:xthrow.obj
 0001:0000cbd4       ?_Xruntime_error@std@@YAXPEBD@Z 000000014000dbd4 f   libcpmt:xthrow.obj
 0001:0000cbf8       ?uncaught_exception@std@@YA_NXZ 000000014000dbf8 f   libcpmt:uncaught_exception.obj
 0001:0000cc00       ?_Syserror_map@std@@YAPEBDH@Z 000000014000dc00 f   libcpmt:syserror.obj
 0001:0000cc28       ??0_Locimp@locale@std@@AEAA@_N@Z 000000014000dc28 f i libcpmt:locale0.obj
 0001:0000ccb0       ??4?$_Yarn@D@std@@QEAAAEAV01@PEBD@Z 000000014000dcb0 f i libcpmt:locale0.obj
 0001:0000cd28       ??_E_Locimp@locale@std@@MEAAPEAXI@Z 000000014000dd28 f i libcpmt:locale0.obj
 0001:0000cd28       ??_G_Locimp@locale@std@@MEAAPEAXI@Z 000000014000dd28 f i libcpmt:locale0.obj
 0001:0000cd84       ?_Facet_Register@std@@YAXPEAV_Facet_base@1@@Z 000000014000dd84 f   libcpmt:locale0.obj
 0001:0000cdbc       ?_Getgloballocale@locale@std@@CAPEAV_Locimp@12@XZ 000000014000ddbc f   libcpmt:locale0.obj
 0001:0000cdc4       ?_Init@locale@std@@CAPEAV_Locimp@12@_N@Z 000000014000ddc4 f   libcpmt:locale0.obj
 0001:0000cebc       ?_Locimp_dtor@_Locimp@locale@std@@CAXPEAV123@@Z 000000014000debc f   libcpmt:locale0.obj
 0001:0000cf38       ?_Locinfo_ctor@_Locinfo@std@@SAXPEAV12@PEBD@Z 000000014000df38 f   libcpmt:locale0.obj
 0001:0000cfa4       ?_Locinfo_dtor@_Locinfo@std@@SAXPEAV12@@Z 000000014000dfa4 f   libcpmt:locale0.obj
 0001:0000cfc0       ?_New_Locimp@_Locimp@locale@std@@CAPEAV123@_N@Z 000000014000dfc0 f   libcpmt:locale0.obj
 0001:0000cff0       ?_Setgloballocale@locale@std@@CAXPEAX@Z 000000014000dff0 f   libcpmt:locale0.obj
 0001:0000d024       _Deletegloballocale        000000014000e024 f   libcpmt:locale0.obj
 0001:0000d094       _Getctype                  000000014000e094 f   libcpmt:_tolower.obj
 0001:0000d154       _Tolower                   000000014000e154 f   libcpmt:_tolower.obj
 0001:0000d288       _Getcvt                    000000014000e288 f   libcpmt:xwctomb.obj
 0001:0000d320       _Toupper                   000000014000e320 f   libcpmt:_toupper.obj
 0001:0000d464       _Stolx                     000000014000e464 f   libcpmt:xstol.obj
 0001:0000d544       _Stoulx                    000000014000e544 f   libcpmt:xstoul.obj
 0001:0000d734       _Stollx                    000000014000e734 f   libcpmt:xstoll.obj
 0001:0000d824       _Stoullx                   000000014000e824 f   libcpmt:xstoull.obj
 0001:0000da1c       ??$use_facet@V?$codecvt@DDU_Mbstatet@@@std@@@std@@YAAEBV?$codecvt@DDU_Mbstatet@@@0@AEBVlocale@0@@Z 000000014000ea1c f i libcpmt:cin.obj
 0001:0000db34       ??0?$basic_istream@DU?$char_traits@D@std@@@std@@QEAA@PEAV?$basic_streambuf@DU?$char_traits@D@std@@@1@_N@Z 000000014000eb34 f i libcpmt:cin.obj
 0001:0000dbc0       ??0?$basic_streambuf@DU?$char_traits@D@std@@@std@@IEAA@XZ 000000014000ebc0 f i libcpmt:cin.obj
 0001:0000dc50       ??1?$basic_filebuf@DU?$char_traits@D@std@@@std@@UEAA@XZ 000000014000ec50 f i libcpmt:cin.obj
 0001:0000dd00       ??1?$basic_ios@DU?$char_traits@D@std@@@std@@UEAA@XZ 000000014000ed00 f i libcpmt:cin.obj
 0001:0000dd1c       ??_E?$basic_istream@DU?$char_traits@D@std@@@std@@$4PPPPPPPM@A@EAAPEAXI@Z 000000014000ed1c f i libcpmt:cin.obj
 0001:0000dd28       ??_E?$basic_filebuf@DU?$char_traits@D@std@@@std@@UEAAPEAXI@Z 000000014000ed28 f i libcpmt:cin.obj
 0001:0000dd28       ??_G?$basic_filebuf@DU?$char_traits@D@std@@@std@@UEAAPEAXI@Z 000000014000ed28 f i libcpmt:cin.obj
 0001:0000dd5c       ??_E?$basic_ios@DU?$char_traits@D@std@@@std@@UEAAPEAXI@Z 000000014000ed5c f i libcpmt:cin.obj
 0001:0000dd5c       ??_G?$basic_ios@DU?$char_traits@D@std@@@std@@UEAAPEAXI@Z 000000014000ed5c f i libcpmt:cin.obj
 0001:0000dd9c       ??_E?$basic_istream@DU?$char_traits@D@std@@@std@@UEAAPEAXI@Z 000000014000ed9c f i libcpmt:cin.obj
 0001:0000dd9c       ??_G?$basic_istream@DU?$char_traits@D@std@@@std@@UEAAPEAXI@Z 000000014000ed9c f i libcpmt:cin.obj
 0001:0000de00       ??_E?$basic_streambuf@DU?$char_traits@D@std@@@std@@UEAAPEAXI@Z 000000014000ee00 f i libcpmt:cin.obj
 0001:0000de00       ??_G?$basic_streambuf@DU?$char_traits@D@std@@@std@@UEAAPEAXI@Z 000000014000ee00 f i libcpmt:cin.obj
 0001:0000de8c       ??_E?$codecvt@DDU_Mbstatet@@@std@@MEAAPEAXI@Z 000000014000ee8c f i libcpmt:cin.obj
 0001:0000de8c       ??_G?$codecvt@DDU_Mbstatet@@@std@@MEAAPEAXI@Z 000000014000ee8c f i libcpmt:cin.obj
 0001:0000deb8       ??_Eios_base@std@@UEAAPEAXI@Z 000000014000eeb8 f i libcpmt:cin.obj
 0001:0000deb8       ??_Gios_base@std@@UEAAPEAXI@Z 000000014000eeb8 f i libcpmt:cin.obj
 0001:0000def8       ?_Endwrite@?$basic_filebuf@DU?$char_traits@D@std@@@std@@IEAA_NXZ 000000014000eef8 f i libcpmt:cin.obj
 0001:0000dfd0       ?_Erase_noexcept@?$basic_string@DU?$char_traits@D@std@@V?$allocator@D@2@@std@@AEAAAEAV12@_K_K@Z 000000014000efd0 f i libcpmt:cin.obj
 0001:0000e074       ?_Getcat@?$codecvt@DDU_Mbstatet@@@std@@SA_KPEAPEBVfacet@locale@2@PEBV42@@Z 000000014000f074 f i libcpmt:cin.obj
 0001:0000e130       ?_Init@?$basic_filebuf@DU?$char_traits@D@std@@@std@@IEAAXPEAU_iobuf@@W4_Initfl@12@@Z 000000014000f130 f i libcpmt:cin.obj
 0001:0000e208       ?_Init@ios_base@std@@IEAAXXZ 000000014000f208 f i libcpmt:cin.obj
 0001:0000e278       ?_Initcvt@?$basic_filebuf@DU?$char_traits@D@std@@@std@@IEAAXAEBV?$codecvt@DDU_Mbstatet@@@2@@Z 000000014000f278 f i libcpmt:cin.obj
 0001:0000e2f8       ?_Lock@?$basic_filebuf@DU?$char_traits@D@std@@@std@@UEAAXXZ 000000014000f2f8 f i libcpmt:cin.obj
 0001:0000e314       ?_Lock@?$basic_streambuf@DU?$char_traits@D@std@@@std@@UEAAXXZ 000000014000f314 f i libcpmt:cin.obj
 0001:0000e314       ?_Unlock@?$basic_streambuf@DU?$char_traits@D@std@@@std@@UEAAXXZ 000000014000f314 f i libcpmt:cin.obj
 0001:0000e314       ?imbue@?$basic_streambuf@DU?$char_traits@D@std@@@std@@MEAAXAEBVlocale@2@@Z 000000014000f314 f i libcpmt:cin.obj
 0001:0000e314       __sanitizer_annotate_contiguous_container 000000014000f314 f i libcpmt:asan_noop.obj
 0001:0000e314       __sanitizer_annotate_contiguous_container_default 000000014000f314 f i libcpmt:asan_noop.obj
 0001:0000e314       _guard_check_icall_nop     000000014000f314 f i LIBCMT:guard_support.obj
 0001:0000e314       _initialize_denormal_control 000000014000f314 f i LIBCMT:denormal_control.obj
 0001:0000e314       _initialize_invalid_parameter_handler 000000014000f314 f i LIBCMT:invalid_parameter_handler.obj
 0001:0000e318       ?_Unlock@?$basic_filebuf@DU?$char_traits@D@std@@@std@@UEAAXXZ 000000014000f318 f i libcpmt:cin.obj
 0001:0000e334       ?clear@ios_base@std@@QEAAXH@Z 000000014000f334 f i libcpmt:cin.obj
 0001:0000e3a0       ?close@?$basic_filebuf@DU?$char_traits@D@std@@@std@@QEAAPEAV12@XZ 000000014000f3a0 f i libcpmt:cin.obj
 0001:0000e424       ?do_always_noconv@?$codecvt@DDU_Mbstatet@@@std@@MEBA_NXZ 000000014000f424 f i libcpmt:cin.obj
 0001:0000e424       __acrt_uninitialize_command_line 000000014000f424 f i libucrt:argv_data.obj
 0001:0000e424       _should_initialize_environment 000000014000f424 f i LIBCMT:env_mode.obj
 0001:0000e428       ?do_encoding@codecvt_base@std@@MEBAHXZ 000000014000f428 f i libcpmt:cin.obj
 0001:0000e428       ?do_max_length@codecvt_base@std@@MEBAHXZ 000000014000f428 f i libcpmt:cin.obj
 0001:0000e428       _get_startup_argv_mode     000000014000f428 f i LIBCMT:argv_mode.obj
 0001:0000e430       ?do_in@?$codecvt@DDU_Mbstatet@@@std@@MEBAHAEAU_Mbstatet@@PEBD1AEAPEBDPEAD3AEAPEAD@Z 000000014000f430 f i libcpmt:cin.obj
 0001:0000e430       ?do_out@?$codecvt@DDU_Mbstatet@@@std@@MEBAHAEAU_Mbstatet@@PEBD1AEAPEBDPEAD3AEAPEAD@Z 000000014000f430 f i libcpmt:cin.obj
 0001:0000e44c       ?do_length@?$codecvt@DDU_Mbstatet@@@std@@MEBAHAEAU_Mbstatet@@PEBD1_K@Z 000000014000f44c f i libcpmt:cin.obj
 0001:0000e468       ?do_unshift@?$codecvt@DDU_Mbstatet@@@std@@MEBAHAEAU_Mbstatet@@PEAD1AEAPEAD@Z 000000014000f468 f i libcpmt:cin.obj
 0001:0000e478       ?imbue@?$basic_filebuf@DU?$char_traits@D@std@@@std@@MEAAXAEBVlocale@2@@Z 000000014000f478 f i libcpmt:cin.obj
 0001:0000e49c       ?init@?$basic_ios@DU?$char_traits@D@std@@@std@@IEAAXPEAV?$basic_streambuf@DU?$char_traits@D@std@@@2@_N@Z 000000014000f49c f i libcpmt:cin.obj
 0001:0000e558       ?overflow@?$basic_filebuf@DU?$char_traits@D@std@@@std@@MEAAHH@Z 000000014000f558 f i libcpmt:cin.obj
 0001:0000e6e0       ?overflow@?$basic_streambuf@DU?$char_traits@D@std@@@std@@MEAAHH@Z 000000014000f6e0 f i libcpmt:cin.obj
 0001:0000e6e0       ?pbackfail@?$basic_streambuf@DU?$char_traits@D@std@@@std@@MEAAHH@Z 000000014000f6e0 f i libcpmt:cin.obj
 0001:0000e6e0       ?underflow@?$basic_streambuf@DU?$char_traits@D@std@@@std@@MEAAHXZ 000000014000f6e0 f i libcpmt:cin.obj
 0001:0000e6e4       ?pbackfail@?$basic_filebuf@DU?$char_traits@D@std@@@std@@MEAAHH@Z 000000014000f6e4 f i libcpmt:cin.obj
 0001:0000e7b0       ?seekoff@?$basic_filebuf@DU?$char_traits@D@std@@@std@@MEAA?AV?$fpos@U_Mbstatet@@@2@_JHH@Z 000000014000f7b0 f i libcpmt:cin.obj
 0001:0000e894       ?seekoff@?$basic_streambuf@DU?$char_traits@D@std@@@std@@MEAA?AV?$fpos@U_Mbstatet@@@2@_JHH@Z 000000014000f894 f i libcpmt:cin.obj
 0001:0000e894       ?seekpos@?$basic_streambuf@DU?$char_traits@D@std@@@std@@MEAA?AV?$fpos@U_Mbstatet@@@2@V32@H@Z 000000014000f894 f i libcpmt:cin.obj
 0001:0000e8a8       ?seekpos@?$basic_filebuf@DU?$char_traits@D@std@@@std@@MEAA?AV?$fpos@U_Mbstatet@@@2@V32@H@Z 000000014000f8a8 f i libcpmt:cin.obj
 0001:0000e960       ?setbuf@?$basic_filebuf@DU?$char_traits@D@std@@@std@@MEAAPEAV?$basic_streambuf@DU?$char_traits@D@std@@@2@PEAD_J@Z 000000014000f960 f i libcpmt:cin.obj
 0001:0000e9b4       ?setbuf@?$basic_streambuf@DU?$char_traits@D@std@@@std@@MEAAPEAV12@PEAD_J@Z 000000014000f9b4 f i libcpmt:cin.obj
 0001:0000e9b8       ?showmanyc@?$basic_streambuf@DU?$char_traits@D@std@@@std@@MEAA_JXZ 000000014000f9b8 f i libcpmt:cin.obj
 0001:0000e9b8       ?sync@?$basic_streambuf@DU?$char_traits@D@std@@@std@@MEAAHXZ 000000014000f9b8 f i libcpmt:cin.obj
 0001:0000e9b8       __scrt_exe_initialize_mta  000000014000f9b8 f i LIBCMT:utility_desktop.obj
 0001:0000e9b8       __scrt_initialize_winrt    000000014000f9b8 f i LIBCMT:utility_desktop.obj
 0001:0000e9b8       __scrt_stub_for_initialize_mta 000000014000f9b8 f i LIBCMT:utility_desktop.obj
 0001:0000e9b8       _get_startup_commit_mode   000000014000f9b8 f i LIBCMT:commit_mode.obj
 0001:0000e9b8       _get_startup_new_mode      000000014000f9b8 f i LIBCMT:new_mode.obj
 0001:0000e9b8       _get_startup_thread_locale_mode 000000014000f9b8 f i LIBCMT:thread_locale.obj
 0001:0000e9b8       _matherr                   000000014000f9b8 f i LIBCMT:matherr.obj
 0001:0000e9bc       ?sync@?$basic_filebuf@DU?$char_traits@D@std@@@std@@MEAAHXZ 000000014000f9bc f i libcpmt:cin.obj
 0001:0000ea0c       ?uflow@?$basic_filebuf@DU?$char_traits@D@std@@@std@@MEAAHXZ 000000014000fa0c f i libcpmt:cin.obj
 0001:0000ec50       ?uflow@?$basic_streambuf@DU?$char_traits@D@std@@@std@@MEAAHXZ 000000014000fc50 f i libcpmt:cin.obj
 0001:0000ec8c       ?underflow@?$basic_filebuf@DU?$char_traits@D@std@@@std@@MEAAHXZ 000000014000fc8c f i libcpmt:cin.obj
 0001:0000ecf0       ?widen@?$basic_ios@DU?$char_traits@D@std@@@std@@QEBADD@Z 000000014000fcf0 f i libcpmt:cin.obj
 0001:0000ed7c       ?xsgetn@?$basic_filebuf@DU?$char_traits@D@std@@@std@@MEAA_JPEAD_J@Z 000000014000fd7c f i libcpmt:cin.obj
 0001:0000eeac       ?xsgetn@?$basic_streambuf@DU?$char_traits@D@std@@@std@@MEAA_JPEAD_J@Z 000000014000feac f i libcpmt:cin.obj
 0001:0000ef70       ?xsputn@?$basic_filebuf@DU?$char_traits@D@std@@@std@@MEAA_JPEBD_J@Z 000000014000ff70 f i libcpmt:cin.obj
 0001:0000f030       ?xsputn@?$basic_streambuf@DU?$char_traits@D@std@@@std@@MEAA_JPEBD_J@Z 0000000140010030 f i libcpmt:cin.obj
 0001:0000f0f8       ??0?$basic_ostream@DU?$char_traits@D@std@@@std@@QEAA@PEAV?$basic_streambuf@DU?$char_traits@D@std@@@1@_N@Z 00000001400100f8 f i libcpmt:cout.obj
 0001:0000f17c       ??_E?$basic_ostream@DU?$char_traits@D@std@@@std@@$4PPPPPPPM@A@EAAPEAXI@Z 000000014001017c f i libcpmt:cout.obj
 0001:0000f188       ??_E?$basic_ostream@DU?$char_traits@D@std@@@std@@UEAAPEAXI@Z 0000000140010188 f i libcpmt:cout.obj
 0001:0000f188       ??_G?$basic_ostream@DU?$char_traits@D@std@@@std@@UEAAPEAXI@Z 0000000140010188 f i libcpmt:cout.obj
 0001:0000f1ec       _Mtxdst                    00000001400101ec f   libcpmt:xmtx.obj
 0001:0000f1f4       _Mtxinit                   00000001400101f4 f   libcpmt:xmtx.obj
 0001:0000f204       _Mtxlock                   0000000140010204 f   libcpmt:xmtx.obj
 0001:0000f20c       _Mtxunlock                 000000014001020c f   libcpmt:xmtx.obj
 0001:0000f214       ?_Atexit@@YAXP6AXXZ@Z      0000000140010214 f   libcpmt:iosptrs.obj
 0001:0000f250       __crtLCMapStringA          0000000140010250 f   libcpmt:StlLCMapStringA.obj
 0001:0000f548       ?_Addstd@ios_base@std@@SAXPEAV12@@Z 0000000140010548 f   libcpmt:ios.obj
 0001:0000f5c0       ?_Ios_base_dtor@ios_base@std@@CAXPEAV12@@Z 00000001400105c0 f   libcpmt:ios.obj
 0001:0000f638       ?_Tidy@ios_base@std@@AEAAXXZ 0000000140010638 f i libcpmt:ios.obj
 0001:0000f6b8       ??2@YAPEAX_K@Z             00000001400106b8 f   LIBCMT:new_scalar.obj
 0001:0000f6f4       ??3@YAXPEAX_K@Z            00000001400106f4 f   LIBCMT:delete_scalar_size.obj
 0001:0000f6f4       ??_V@YAXPEAX@Z             00000001400106f4 f   LIBCMT:delete_array.obj
 0001:0000f6fc       __GSHandlerCheck           00000001400106fc f   LIBCMT:gshandler.obj
 0001:0000f71c       __GSHandlerCheckCommon     000000014001071c f   LIBCMT:gshandler.obj
 0001:0000f778       __GSHandlerCheck_EH4       0000000140010778 f   LIBCMT:gshandlereh4.obj
 0001:0000f810       __security_check_cookie    0000000140010810 f   LIBCMT:amdsecgs.obj
 0001:0000f830       ??_Etype_info@@UEAAPEAXI@Z 0000000140010830 f i LIBCMT:std_type_info_static.obj
 0001:0000f830       ??_Gtype_info@@UEAAPEAXI@Z 0000000140010830 f i LIBCMT:std_type_info_static.obj
 0001:0000fabc       mainCRTStartup             0000000140010abc f   LIBCMT:exe_main.obj
 0001:0000fad0       __scrt_acquire_startup_lock 0000000140010ad0 f   LIBCMT:utility.obj
 0001:0000fb0c       __scrt_initialize_crt      0000000140010b0c f   LIBCMT:utility.obj
 0001:0000fb58       __scrt_initialize_onexit_tables 0000000140010b58 f   LIBCMT:utility.obj
 0001:0000fbe4       __scrt_is_nonwritable_in_current_image 0000000140010be4 f   LIBCMT:utility.obj
 0001:0000fc7c       __scrt_release_startup_lock 0000000140010c7c f   LIBCMT:utility.obj
 0001:0000fca0       __scrt_uninitialize_crt    0000000140010ca0 f   LIBCMT:utility.obj
 0001:0000fccc       _onexit                    0000000140010ccc f   LIBCMT:utility.obj
 0001:0000fd08       atexit                     0000000140010d08 f   LIBCMT:utility.obj
 0001:0000fd20       __isa_available_init       0000000140010d20 f   LIBCMT:cpu_disp.obj
 0001:0000fee0       __chkstk                   0000000140010ee0 f   LIBCMT:chkstk.obj
 0001:0000fee0       _alloca_probe              0000000140010ee0 f   LIBCMT:chkstk.obj
 0001:0000ff30       ?__scrt_throw_std_bad_array_new_length@@YAXXZ 0000000140010f30 f   LIBCMT:throw_bad_alloc.obj
 0001:0000ff50       ??3@YAXPEAX@Z              0000000140010f50 f   LIBCMT:delete_scalar.obj
 0001:0000ff58       __raise_securityfailure    0000000140010f58 f   LIBCMT:gs_report.obj
 0001:0000ff8c       __report_gsfailure         0000000140010f8c f   LIBCMT:gs_report.obj
 0001:00010060       __report_rangecheckfailure 0000000140011060 f   LIBCMT:gs_report.obj
 0001:00010074       __report_securityfailure   0000000140011074 f   LIBCMT:gs_report.obj
 0001:000101f4       __security_init_cookie     00000001400111f4 f   LIBCMT:gs_support.obj
 0001:000102a0       _get_startup_file_mode     00000001400112a0 f   LIBCMT:file_mode.obj
 0001:000102a8       ?__scrt_initialize_type_info@@YAXXZ 00000001400112a8 f   LIBCMT:tncleanup.obj
 0001:000102b8       __local_stdio_scanf_options 00000001400112b8 f i LIBCMT:default_local_stdio_options.obj
 0001:000102c0       __scrt_initialize_default_local_stdio_options 00000001400112c0 f   LIBCMT:default_local_stdio_options.obj
 0001:000102dc       __scrt_is_user_matherr_present 00000001400112dc f   LIBCMT:matherr_detection.obj
 0001:000102e8       __scrt_get_dyn_tls_init_callback 00000001400112e8 f   LIBCMT:dyn_tls_init.obj
 0001:000102f0       __scrt_get_dyn_tls_dtor_callback 00000001400112f0 f   LIBCMT:dyn_tls_dtor.obj
 0001:000102f8       __crt_debugger_hook        00000001400112f8 f   LIBCMT:utility_desktop.obj
 0001:00010300       __scrt_fastfail            0000000140011300 f   LIBCMT:utility_desktop.obj
 0001:0001044c       __scrt_initialize_mta      000000014001144c f   LIBCMT:utility_desktop.obj
 0001:00010454       __scrt_is_managed_app      0000000140011454 f   LIBCMT:utility_desktop.obj
 0001:000104a8       __scrt_set_unhandled_exception_filter 00000001400114a8 f   LIBCMT:utility_desktop.obj
 0001:000104b8       __scrt_unhandled_exception_filter 00000001400114b8 f   LIBCMT:utility_desktop.obj
 0001:00010514       _RTC_Initialize            0000000140011514 f   LIBCMT:initsect.obj
 0001:00010550       _RTC_Terminate             0000000140011550 f   LIBCMT:initsect.obj
 0001:0001058c       __scrt_is_ucrt_dll_in_use  000000014001158c f   LIBCMT:ucrt_detection.obj
 0001:000105a0       _get_purecall_handler      00000001400115a0 f   libvcruntime:purevirt.obj
 0001:000105ac       _purecall                  00000001400115ac f   libvcruntime:purevirt.obj
 0001:000105e0       memcpy_repmovs             00000001400115e0 f   libvcruntime:memcpy.obj
 0001:00010600       memcpy                     0000000140011600 f   libvcruntime:memcpy.obj
 0001:00010600       memmove                    0000000140011600 f   libvcruntime:memcpy.obj
 0001:00010c90       memset_repstos             0000000140011c90 f   libvcruntime:memset.obj
 0001:00010cb0       memset                     0000000140011cb0 f   libvcruntime:memset.obj
 0001:00011038       __std_exception_copy       0000000140012038 f   libvcruntime:std_exception.obj
 0001:000110c8       __std_exception_destroy    00000001400120c8 f   libvcruntime:std_exception.obj
 0001:000110f0       _CxxThrowException         00000001400120f0 f   libvcruntime:throw.obj
 0001:00011190       ??$_CallSETranslator@V__FrameHandler3@@@@YAHPEAUEHExceptionRecord@@PEA_KPEAU_CONTEXT@@PEAU_xDISPATCHER_CONTEXT@@PEBU_s_FuncInfo@@K1H@Z 0000000140012190 f i libvcruntime:risctrnsctrl.obj
 0001:000111e4       ??$_CallSETranslator@V__FrameHandler4@@@@YAHPEAUEHExceptionRecord@@PEA_KPEAU_CONTEXT@@PEAU_xDISPATCHER_CONTEXT@@PEAUFuncInfo4@FH4@@K1H@Z 00000001400121e4 f i libvcruntime:risctrnsctrl.obj
 0001:00011238       ?CatchTryBlock@__FrameHandler3@@SAPEBU_s_TryBlockMapEntry@@PEBU_s_FuncInfo@@H@Z 0000000140012238 f   libvcruntime:risctrnsctrl.obj
 0001:0001129c       ?DecompFuncInfo@FH4@@YA_JPEAEAEAUFuncInfo4@1@_KH_N@Z 000000014001229c f i libvcruntime:risctrnsctrl.obj
 0001:000113c0       ?ExecutionInCatch@__FrameHandler3@@SA_NPEAU_xDISPATCHER_CONTEXT@@PEBU_s_FuncInfo@@@Z 00000001400123c0 f   libvcruntime:risctrnsctrl.obj
 0001:000113ec       ?ExecutionInCatch@__FrameHandler4@@SA_NPEAU_xDISPATCHER_CONTEXT@@PEAUFuncInfo4@FH4@@@Z 00000001400123ec f   libvcruntime:risctrnsctrl.obj
 0001:000113f4       ?FrameUnwindToEmptyState@__FrameHandler3@@SAXPEA_KPEAU_xDISPATCHER_CONTEXT@@PEBU_s_FuncInfo@@@Z 00000001400123f4 f   libvcruntime:risctrnsctrl.obj
 0001:00011458       ?FrameUnwindToEmptyState@__FrameHandler4@@SAXPEA_KPEAU_xDISPATCHER_CONTEXT@@PEAUFuncInfo4@FH4@@@Z 0000000140012458 f   libvcruntime:risctrnsctrl.obj
 0001:0001148c       ?GetEstablisherFrame@__FrameHandler3@@SAPEA_KPEA_KPEAU_xDISPATCHER_CONTEXT@@PEBU_s_FuncInfo@@0@Z 000000014001248c f   libvcruntime:risctrnsctrl.obj
 0001:00011558       ?GetEstablisherFrame@__FrameHandler4@@SAPEA_KPEA_KPEAU_xDISPATCHER_CONTEXT@@PEAUFuncInfo4@FH4@@0@Z 0000000140012558 f   libvcruntime:risctrnsctrl.obj
 0001:0001157c       ?GetRangeOfTrysToCheck@__FrameHandler3@@SA?AU?$pair@Viterator@TryBlockMap@__FrameHandler3@@V123@@std@@AEAVTryBlockMap@1@HPEAU_xDISPATCHER_CONTEXT@@PEBU_s_FuncInfo@@H@Z 000000014001257c f   libvcruntime:risctrnsctrl.obj
 0001:000116bc       ?GetRangeOfTrysToCheck@__FrameHandler4@@SA?AU?$pair@Viterator@TryBlockMap4@FH4@@V123@@std@@AEAVTryBlockMap4@FH4@@HPEAU_xDISPATCHER_CONTEXT@@PEAUFuncInfo4@5@H@Z 00000001400126bc f   libvcruntime:risctrnsctrl.obj
 0001:00011828       ?UnwindNestedFrames@__FrameHandler3@@SAXPEA_KPEAUEHExceptionRecord@@PEAU_CONTEXT@@0PEAXPEBU_s_FuncInfo@@HHPEBU_s_HandlerType@@PEAU_xDISPATCHER_CONTEXT@@E@Z 0000000140012828 f   libvcruntime:risctrnsctrl.obj
 0001:0001192c       ?UnwindNestedFrames@__FrameHandler4@@SAXPEA_KPEAUEHExceptionRecord@@PEAU_CONTEXT@@0PEAXPEAUFuncInfo4@FH4@@HHPEAUHandlerType4@5@PEAU_xDISPATCHER_CONTEXT@@E@Z 000000014001292c f   libvcruntime:risctrnsctrl.obj
 0001:00011a4c       ?setBuffer@TryBlockMap4@FH4@@QEAAXViterator@12@@Z 0000000140012a4c f i libvcruntime:risctrnsctrl.obj
 0001:00011c10       _CreateFrameInfo           0000000140012c10 f   libvcruntime:risctrnsctrl.obj
 0001:00011c4c       _FindAndUnlinkFrame        0000000140012c4c f   libvcruntime:risctrnsctrl.obj
 0001:00011ca0       _GetImageBase              0000000140012ca0 f   libvcruntime:risctrnsctrl.obj
 0001:00011cb4       _GetThrowImageBase         0000000140012cb4 f   libvcruntime:risctrnsctrl.obj
 0001:00011cc8       _SetImageBase              0000000140012cc8 f   libvcruntime:risctrnsctrl.obj
 0001:00011ce0       _SetThrowImageBase         0000000140012ce0 f   libvcruntime:risctrnsctrl.obj
 0001:00011cf8       __CxxFrameHandler3         0000000140012cf8 f   libvcruntime:risctrnsctrl.obj
 0001:00011d80       __CxxFrameHandler4         0000000140012d80 f   libvcruntime:risctrnsctrl.obj
 0001:00011e40       __uncaught_exception       0000000140012e40 f   libvcruntime:uncaught_exception.obj
 0001:00011e70       memchr                     0000000140012e70 f   libvcruntime:memchr.obj
 0001:00011ee0       __DestructExceptionObject  0000000140012ee0 f   libvcruntime:ehhelpers.obj
 0001:00011f50       ?_CallMemberFunction0@@YAXQEAX0@Z 0000000140012f50 f i libvcruntime:ehhelpers.obj
 0001:00011f54       _IsExceptionObjectToBeDestroyed 0000000140012f54 f   libvcruntime:ehhelpers.obj
 0001:00011f84       __AdjustPointer            0000000140012f84 f   libvcruntime:ehhelpers.obj
 0001:00011fa8       __FrameUnwindFilter        0000000140012fa8 f   libvcruntime:ehhelpers.obj
 0001:00012010       __current_exception        0000000140013010 f   libvcruntime:ehhelpers.obj
 0001:00012024       __current_exception_context 0000000140013024 f   libvcruntime:ehhelpers.obj
 0001:00012038       __std_terminate            0000000140013038 f   libvcruntime:ehhelpers.obj
 0001:00012060       memcmp                     0000000140013060 f   libvcruntime:memcmp.obj
 0001:00012128       __C_specific_handler       0000000140013128 f   libvcruntime:riscchandler.obj
 0001:00012320       __vcrt_initialize          0000000140013320 f   libvcruntime:initialization.obj
 0001:00012348       __vcrt_uninitialize        0000000140013348 f   libvcruntime:initialization.obj
 0001:00012364       __std_type_info_compare    0000000140013364 f   libvcruntime:std_type_info.obj
 0001:0001238c       __vcrt_freefls             000000014001338c f   libvcruntime:per_thread_data.obj
 0001:000123ac       __vcrt_getptd              00000001400133ac f   libvcruntime:per_thread_data.obj
 0001:000123c8       __vcrt_getptd_noexit       00000001400133c8 f   libvcruntime:per_thread_data.obj
 0001:00012488       __vcrt_getptd_noinit       0000000140013488 f   libvcruntime:per_thread_data.obj
 0001:000124d8       __vcrt_initialize_ptd      00000001400134d8 f   libvcruntime:per_thread_data.obj
 0001:00012520       __vcrt_uninitialize_ptd    0000000140013520 f   libvcruntime:per_thread_data.obj
 0001:00012544       ?GetCurrentState@__FrameHandler3@@SAHPEA_KPEAU_xDISPATCHER_CONTEXT@@PEBU_s_FuncInfo@@@Z 0000000140013544 f   libvcruntime:ehstate.obj
 0001:0001256c       ?GetUnwindTryBlock@__FrameHandler3@@SAHPEA_KPEAU_xDISPATCHER_CONTEXT@@PEBU_s_FuncInfo@@@Z 000000014001356c f   libvcruntime:ehstate.obj
 0001:00012598       ?SetState@__FrameHandler3@@SAXPEA_KPEBU_s_FuncInfo@@H@Z 0000000140013598 f   libvcruntime:ehstate.obj
 0001:000125a4       ?SetUnwindTryBlock@__FrameHandler3@@SAXPEA_KPEAU_xDISPATCHER_CONTEXT@@PEBU_s_FuncInfo@@H@Z 00000001400135a4 f   libvcruntime:ehstate.obj
 0001:000125e0       ?StateFromControlPc@__FrameHandler3@@SAHPEBU_s_FuncInfo@@PEAU_xDISPATCHER_CONTEXT@@@Z 00000001400135e0 f   libvcruntime:ehstate.obj
 0001:000125e8       ?StateFromControlPc@__FrameHandler4@@SAHPEAUFuncInfo4@FH4@@PEAU_xDISPATCHER_CONTEXT@@@Z 00000001400135e8 f   libvcruntime:ehstate.obj
 0001:000125f0       ?StateFromIp@__FrameHandler3@@SAHPEBU_s_FuncInfo@@PEAU_xDISPATCHER_CONTEXT@@_K@Z 00000001400135f0 f   libvcruntime:ehstate.obj
 0001:00012658       ?StateFromIp@__FrameHandler4@@SAHPEAUFuncInfo4@FH4@@PEAU_xDISPATCHER_CONTEXT@@_K@Z 0000000140013658 f   libvcruntime:ehstate.obj
 0001:00013d58       ??$TypeMatchHelper@V__FrameHandler3@@@@YAHPEBU_s_HandlerType@@PEBU_s_CatchableType@@PEBU_s_ThrowInfo@@@Z 0000000140014d58 f i libvcruntime:frame.obj
 0001:00013e98       ??$TypeMatchHelper@V__FrameHandler4@@@@YAHPEAUHandlerType4@FH4@@PEBU_s_CatchableType@@PEBU_s_ThrowInfo@@@Z 0000000140014e98 f i libvcruntime:frame.obj
 0001:00013fdc       ??$__InternalCxxFrameHandler@V__FrameHandler3@@@@YA?AW4_EXCEPTION_DISPOSITION@@PEAUEHExceptionRecord@@PEA_KPEAU_CONTEXT@@PEAU_xDISPATCHER_CONTEXT@@PEBU_s_FuncInfo@@H1E@Z 0000000140014fdc f i libvcruntime:frame.obj
 0001:00014214       ??$__InternalCxxFrameHandler@V__FrameHandler4@@@@YA?AW4_EXCEPTION_DISPOSITION@@PEAUEHExceptionRecord@@PEA_KPEAU_CONTEXT@@PEAU_xDISPATCHER_CONTEXT@@PEAUFuncInfo4@FH4@@H1E@Z 0000000140015214 f i libvcruntime:frame.obj
 0001:000144a8       ??0HandlerMap4@FH4@@QEAA@PEBUTryBlockMapEntry4@1@_KH@Z 00000001400154a8 f i libvcruntime:frame.obj
[...]
 0002:000120f8       $unwind$__acrt_initialize_winapi_thunks 00000001400490f8     libucrt:winapi_thunks.obj
 0002:00012100       $unwind$__acrt_EnumSystemLocalesEx 0000000140049100     libucrt:winapi_thunks.obj
 0002:00012110       $unwind$??$?RV<lambda_48fc4a32460bb0512d3b13f8499328be>@@AEAV<lambda_6c3dac0a4f3f9cefca9bb494422f9b77>@@V<lambda_0a2f2c9f9a56eb2b08bfa6ff61d331c5>@@@?$__crt_seh_guarded_call@H@@QEAAH$$QEAV<lambda_48fc4a32460bb0512d3b13f8499328be>@@AEAV<lambda_6c3dac0a4f3f9cefca9bb494422f9b77>@@$$QEAV<lambda_0a2f2c9f9a56eb2b08bfa6ff61d331c5>@@@Z 0000000140049110     libucrt:winapi_thunks.obj
 0002:00012134       $unwind$_mbstowcs_s_l      0000000140049134     libucrt:mbstowcs.obj
 0002:0001214c       $unwind$?_mbstowcs_l_helper@@YA_KPEA_WPEBD_KPEAU__crt_locale_pointers@@@Z 000000014004914c     libucrt:mbstowcs.obj
 0002:00012164       $unwind$?_wcstombs_l_helper@@YA_KPEADPEB_W_KPEAU__crt_locale_pointers@@@Z 0000000140049164     libucrt:wcstombs.obj
 0002:00012188       $stateUnwindMap$?_wcstombs_l_helper@@YA_KPEADPEB_W_KPEAU__crt_locale_pointers@@@Z 0000000140049188     libucrt:wcstombs.obj
 0002:00012190       $ip2state$?_wcstombs_l_helper@@YA_KPEADPEB_W_KPEAU__crt_locale_pointers@@@Z 0000000140049190     libucrt:wcstombs.obj
 0002:000121a0       $unwind$__acrt_GetLocaleInfoA 00000001400491a0     libucrt:getlocaleinfoa.obj
 0002:000121c0       $unwind$?InternalGetLocaleInfoA@@YAHQEAU__crt_locale_pointers@@QEB_WKQEADH@Z 00000001400491c0     libucrt:getlocaleinfoa.obj
 0002:000121e8       $unwind$__acrt_GetStringTypeA 00000001400491e8     libucrt:getstringtypea.obj
 0002:00012210       $unwind$__acrt_LCMapStringA 0000000140049210     libucrt:lcmapstringa.obj
 0002:00012220       $unwind$?__acrt_LCMapStringA_stat@@YAHPEAU__crt_locale_pointers@@PEB_WKPEBDHPEADHHH@Z 0000000140049220     libucrt:lcmapstringa.obj
 0002:00012248       $unwind$__dcrt_lowio_ensure_console_output_initialized 0000000140049248     libucrt:initcon.obj
 0002:00012248       $unwind$_isleadbyte_l      0000000140049248     libucrt:_wctype.obj
 0002:00012248       $unwind$?getSystemCP@@YAHH@Z 0000000140049248     libucrt:mbctype.obj
 0002:00012250       $unwind$_fcloseall         0000000140049250     libucrt:closeall.obj
 0002:00012274       $unwind$_close             0000000140049274     libucrt:close.obj
 0002:00012274       $unwind$_commit            0000000140049274     libucrt:commit.obj
 0002:0001227c       $unwind$??$?RV<lambda_751a882b2c74d4b022dec766aa51a29a>@@AEAV<lambda_628dfdc04ba53c8bfc02c9951375f3f5>@@V<lambda_f6c7be5f7998530c34de24c7437d6b54>@@@?$__crt_seh_guarded_call@H@@QEAAH$$QEAV<lambda_751a882b2c74d4b022dec766aa51a29a>@@AEAV<lambda_628dfdc04ba53c8bfc02c9951375f3f5>@@$$QEAV<lambda_f6c7be5f7998530c34de24c7437d6b54>@@@Z 000000014004927c     libucrt:close.obj
 0002:000122a0       $unwind$??$?RV<lambda_a37b2b86f63e897a80ea819b0eb08c01>@@AEAV<lambda_38ce7e780aa69e748d6df282ebc68efe>@@V<lambda_99fb1378e971ab6e7edea83e3a7a83a2>@@@?$__crt_seh_guarded_call@H@@QEAAH$$QEAV<lambda_a37b2b86f63e897a80ea819b0eb08c01>@@AEAV<lambda_38ce7e780aa69e748d6df282ebc68efe>@@$$QEAV<lambda_99fb1378e971ab6e7edea83e3a7a83a2>@@@Z 00000001400492a0     libucrt:commit.obj
 0002:000122c4       $unwind$_write             00000001400492c4     libucrt:write.obj
 0002:000122f4       $unwind$_write_nolock      00000001400492f4     libucrt:write.obj
 0002:0001230c       $unwind$?write_double_translated_ansi_nolock@@YA?AUwrite_result@?A0x17268360@@HQEBDI@Z 000000014004930c     libucrt:write.obj
 0002:00012330       $unwind$?write_text_ansi_nolock@@YA?AUwrite_result@?A0x17268360@@HQEBDI@Z 0000000140049330     libucrt:write.obj
 0002:00012330       $unwind$?write_text_utf16le_nolock@@YA?AUwrite_result@?A0x17268360@@HQEBDI@Z 0000000140049330     libucrt:write.obj
 0002:00012350       $unwind$?write_text_utf8_nolock@@YA?AUwrite_result@?A0x17268360@@HQEBDI@Z 0000000140049350     libucrt:write.obj
 0002:00012374       $unwind$?common_ftell_translated_utf8_nolock@@YA_JV__crt_stdio_stream@@_J@Z 0000000140049374     libucrt:ftell.obj
 0002:0001239c       $unwind$?common_ftell_read_mode_nolock@@YA_JV__crt_stdio_stream@@_J1@Z 000000014004939c     libucrt:ftell.obj
 0002:000123b4       $unwind$??$common_ftell@_J@@YA_JV__crt_stdio_stream@@@Z 00000001400493b4     libucrt:ftell.obj
 0002:000123d8       $unwind$??$write_buffer_nolock@D@@YA_NDV__crt_stdio_stream@@@Z 00000001400493d8     libucrt:_flsbuf.obj
 0002:000123e8       $unwind$_read              00000001400493e8     libucrt:read.obj
 0002:00012418       $unwind$_read_nolock       0000000140049418     libucrt:read.obj
 0002:00012430       $unwind$?translate_ansi_or_utf8_nolock@@YAHHQEAD_KQEA_W1@Z 0000000140049430     libucrt:read.obj
 0002:00012448       $unwind$??$translate_text_mode_nolock@_W@@YAHHQEA_W_K@Z 0000000140049448     libucrt:read.obj
 0002:00012460       $unwind$??$common_lseek@_J@@YA_JH_JH@Z 0000000140049460     libucrt:lseek.obj
 0002:00012490       $unwind$raise              0000000140049490     libucrt:signal.obj
 0002:000124cc       $unwind$??$?RV<lambda_450d765d439847d4c735a33c368b5fc0>@@AEAV<lambda_44731a7d0e6d81c3e6aa82d741081786>@@V<lambda_601a2a7da3b7a96e9554ac7215c4b07c>@@@?$__crt_seh_guarded_call@P6AXH@Z@@QEAAP6AXH@Z$$QEAV<lambda_450d765d439847d4c735a33c368b5fc0>@@AEAV<lambda_44731a7d0e6d81c3e6aa82d741081786>@@$$QEAV<lambda_601a2a7da3b7a96e9554ac7215c4b07c>@@@Z 00000001400494cc     libucrt:signal.obj
 0002:000124f0       $unwind$__acrt_WideCharToMultiByte 00000001400494f0     libucrt:widechartomultibyte.obj
 0002:000124fc       $unwind$_wcsicmp_l         00000001400494fc     libucrt:wcsicmp.obj
 0002:00012514       $unwind$??$common_expand_argv_wildcards@D@@YAHQEAPEADQEAPEAPEAD@Z 0000000140049514     libucrt:argv_wildcards.obj
 0002:0001252c       $unwind$__acrt_GetModuleFileNameA 000000014004952c     libucrt:getmodulefilenamea.obj
 0002:00012548       $unwind$_setmbcp_nolock    0000000140049548     libucrt:mbctype.obj
 0002:00012568       $unwind$?update_thread_multibyte_data_internal@@YAPEAU__crt_multibyte_data@@QEAU__acrt_ptd@@QEAPEAU1@@Z 0000000140049568     libucrt:mbctype.obj
 0002:00012590       $unwind$?setmbcp_internal@@YAHH_NQEAU__acrt_ptd@@QEAPEAU__crt_multibyte_data@@@Z 0000000140049590     libucrt:mbctype.obj
 0002:000125a0       $unwind$?setSBUpLow@@YAXPEAU__crt_multibyte_data@@@Z 00000001400495a0     libucrt:mbctype.obj
 0002:000125bc       $unwind$??$?RV<lambda_efdfa57d1f175319df784efa44bb7b81>@@AEAV<lambda_5f0a4c1567f8adc6734073e5d1e1b35c>@@V<lambda_2e8a7d3640ea6ccb4c2413664c2db6fd>@@@?$__crt_seh_guarded_call@X@@QEAAX$$QEAV<lambda_efdfa57d1f175319df784efa44bb7b81>@@AEAV<lambda_5f0a4c1567f8adc6734073e5d1e1b35c>@@$$QEAV<lambda_2e8a7d3640ea6ccb4c2413664c2db6fd>@@@Z 00000001400495bc     libucrt:mbctype.obj
 0002:000125e0       $unwind$??$copy_environment@D@@YAPEAPEADQEAPEAD@Z 00000001400495e0     libucrt:setenv.obj
 0002:000125f4       $unwind$__acrt_lowio_destroy_handle_array 00000001400495f4     libucrt:osfinfo.obj
 0002:00012604       $unwind$__acrt_lowio_ensure_fh_exists 0000000140049604     libucrt:osfinfo.obj
 0002:00012630       $unwind$__acrt_locale_initialize_monetary 0000000140049630     libucrt:initmon.obj
 0002:00012630       $unwind$?initialize_lc_time@@YA_NQEAU__crt_lc_time_data@@QEAU__crt_locale_data@@@Z 0000000140049630     libucrt:inittime.obj
 0002:0001264c       $unwind$__acrt_locale_free_monetary 000000014004964c     libucrt:initmon.obj
 0002:00012654       $unwind$__acrt_locale_free_time 0000000140049654     libucrt:inittime.obj
 0002:00012664       $unwind$__acrt_update_thread_locale_data 0000000140049664     libucrt:locale_refcounting.obj
 0002:00012688       $unwind$__acrt_get_qualified_locale 0000000140049688     libucrt:get_qualified_locale.obj
 0002:000126a4       $unwind$LangCountryEnumProcEx 00000001400496a4     libucrt:get_qualified_locale.obj
 0002:000126c4       $unwind$LanguageEnumProcEx 00000001400496c4     libucrt:get_qualified_locale.obj
 0002:000126e0       $unwind$GetLocaleNameFromDefault 00000001400496e0     libucrt:get_qualified_locale.obj
 0002:000126f8       $unwind$TestDefaultCountry 00000001400496f8     libucrt:get_qualified_locale.obj
 0002:00012708       $unwind$__acrt_get_qualified_locale_downlevel 0000000140049708     libucrt:getqloc_downlevel.obj
 0002:00012724       $unwind$LangCountryEnumProc 0000000140049724     libucrt:getqloc_downlevel.obj
 0002:00012744       $unwind$LanguageEnumProc   0000000140049744     libucrt:getqloc_downlevel.obj
 0002:00012760       $unwind$CountryEnumProc    0000000140049760     libucrt:getqloc_downlevel.obj
 0002:00012780       $unwind$_call_matherr      0000000140049780     libucrt:libm_error.obj
 0002:00012788       $unwind$_handle_error      0000000140049788     libucrt:libm_error.obj
 0002:00012788       $unwind$_handle_errorf     0000000140049788     libucrt:libm_error.obj
 0002:000127a8       $xdatasym                  00000001400497a8     libucrt:fpsr.obj
 0002:000127b0       $unwind$__acrt_fenv_set_control 00000001400497b0     libucrt:_fenvutils.obj
 0002:000127c0       $unwind$?__mbsrtowcs_utf8@__crt_mbstring@@YA_KPEA_WPEAPEBD_KPEAU_Mbstatet@@@Z 00000001400497c0     libucrt:mbrtowc.obj
 0002:000127d8       $unwind$__acrt_fltout      00000001400497d8     libucrt:cfout.obj
 0002:000127f8       $unwind$?__wcsrtombs_utf8@__crt_mbstring@@YA_KPEADPEAPEB_W_KPEAU_Mbstatet@@@Z 00000001400497f8     libucrt:wcrtomb.obj
 0002:00012818       $unwind$qsort              0000000140049818     libucrt:qsort.obj
 0002:00012830       $chain$4$qsort             0000000140049830     libucrt:qsort.obj
 0002:00012854       $chain$5$qsort             0000000140049854     libucrt:qsort.obj
 0002:00012864       $unwind$strpbrk            0000000140049864     libucrt:strpbrk.obj
 0002:00012874       $unwind$_mbsdec_l          0000000140049874     libucrt:mbsdec.obj
 0002:00012880       $unwind$_strnicoll_l       0000000140049880     libucrt:strnicol.obj
 0002:00012894       $unwind$__acrt_SetEnvironmentVariableA 0000000140049894     libucrt:setenvironmentvariablea.obj
 0002:000128b0       $unwind$_wcsnicmp_l        00000001400498b0     libucrt:wcsnicmp.obj
 0002:000128cc       $unwind$?__mbrtoc32_utf8@__crt_mbstring@@YA_KPEA_UPEBD_KPEAU_Mbstatet@@@Z 00000001400498cc     libucrt:mbrtoc32.obj
 0002:000128e8       $xdatasym                  00000001400498e8     libucrt:log10.obj
 0002:000128f4       $unwind$?InternalCompareStringA@@YAHPEAU__crt_locale_pointers@@PEB_WKPEBDH2HH@Z 00000001400498f4     libucrt:comparestringa.obj
 0002:00012918       $unwind$common_control87   0000000140049918     libucrt:ieee.obj
 0002:00012944       $unwind$_log_special_common 0000000140049944     libucrt:log_special.obj
 0002:00012950       $unwind$_IsNonwritableInCurrentImage 0000000140049950     LIBCMT:pesect.obj
 0002:00013248       .idata$6                   000000014004a248     kernel32:KERNEL32.dll
 0003:00000010       ?init@std@@3JA             000000014004b010     libcpmt:xlock.obj
 0003:00000018       ?atcount_cdecl@@3_KA       000000014004b018     libcpmt:iosptrs.obj
 0003:00000070       ?__vcrt_flsindex@@3KA      000000014004b070     libvcruntime:per_thread_data.obj
 0003:00000080       ?errno_no_memory@@3HA      000000014004b080     libucrt:errno.obj
 0003:00000084       ?doserrno_no_memory@@3KA   000000014004b084     libucrt:errno.obj
 0003:00000260       _ctype_loc_style           000000014004b260     libucrt:wsetlocale.obj
 0003:00000270       ?__acrt_flsindex@@3KA      000000014004b270     libucrt:per_thread_data.obj
 0003:00000280       ?dazSupported@?1??_ctrlfp@@9@9 000000014004b280     libucrt:fpctrl.obj
 0003:00000550       ?tzstd_program@@3PADA      000000014004b550     libucrt:timeset.obj
 0003:00000590       ?tzdst_program@@3PADA      000000014004b590     libucrt:timeset.obj
 0003:000005d0       ?w_tzstd_program@@3PA_WA   000000014004b5d0     libucrt:timeset.obj
 0003:00000650       ?w_tzdst_program@@3PA_WA   000000014004b650     libucrt:timeset.obj
 0003:000006d0       ?tzname_states@@3PAY01PEADA 000000014004b6d0     libucrt:timeset.obj
 0003:000006e0       ?w_tzname_states@@3PAY01PEA_WA 000000014004b6e0     libucrt:timeset.obj
 0003:00000920       _mbctypes                  000000014004b920     libucrt:mbctype.obj
 0003:00000a30       _mbcasemaps                000000014004ba30     libucrt:mbctype.obj
 0003:00000b30       ?__rgctypeflag@@3PADA      000000014004bb30     libucrt:mbctype.obj
 0003:00000b40       ?__rgcode_page_info@@3PAUcode_page_info@@A 000000014004bb40     libucrt:mbctype.obj
 0003:00000c30       ?__dcrt_lowio_console_output_handle@@3PEAXEA 000000014004bc30     libucrt:initcon.obj
 0003:00000c38       ?dazSupported@?1??common_control87@@9@9 000000014004bc38     libucrt:ieee.obj
 0003:00001320       ?initlocks@std@@3V_Init_locks@1@A 000000014004c320     libcpmt:xlock.obj
 0003:00001330       ?mtx@std@@3PAU_RTL_CRITICAL_SECTION@@A 000000014004c330     libcpmt:xlock.obj
 0003:000014a0       ?classic_locale@std@@3Vlocale@1@A 000000014004c4a0     libcpmt:locale0.obj
 0003:000014b8       ?_Fac_head@std@@3PEAU_Fac_node@1@EA 000000014004c4b8     libcpmt:locale0.obj
 0003:000014c0       ?_Fac_tidy_reg@std@@3U_Fac_tidy_reg_t@1@B 000000014004c4c0     libcpmt:locale0.obj
 0003:000014c8       global_locale              000000014004c4c8     libcpmt:locale0.obj
 0003:000014d0       ?registered@?1??_Setgloballocale@locale@std@@CAXPEAX@Z@4_NA 000000014004c4d0     libcpmt:locale0.obj
 0003:000014e0       ?initlocks@@3V_Init_locks@std@@A 000000014004c4e0     libcpmt:cin.obj
 0003:000014e1       ?init_cin@std@@3U_Init_cin@1@A 000000014004c4e1     libcpmt:cin.obj
 0003:000014f0       ?fin@std@@3V?$basic_filebuf@DU?$char_traits@D@std@@@1@A 000000014004c4f0     libcpmt:cin.obj
 0003:00001620       ?initlocks@@3V_Init_locks@std@@A 000000014004c620     libcpmt:cout.obj
 0003:00001621       ?init_cout@std@@3U_Init_cout@1@A 000000014004c621     libcpmt:cout.obj
 0003:000016a0       ?fout@std@@3V?$basic_filebuf@DU?$char_traits@D@std@@@1@A 000000014004c6a0     libcpmt:cout.obj
 0003:00001780       ?initlocks@std@@3V_Init_locks@1@A 000000014004c780     libcpmt:iosptrs.obj
 0003:00001781       ?init_atexit@@3U_Init_atexit@@A 000000014004c781     libcpmt:iosptrs.obj
 0003:00001790       ?atfuns_cdecl@@3PAP6AXXZA  000000014004c790     libcpmt:iosptrs.obj
 0003:000017f0       ?stdstr@std@@3PAPEAVios_base@1@A 000000014004c7f0     libcpmt:ios.obj
 0003:00001840       ?stdopens@std@@3PADA       000000014004c840     libcpmt:ios.obj
 0003:00001950       ?is_initialized_as_dll@@3_NA 000000014004c950     LIBCMT:utility.obj
 0003:00001951       ?module_local_atexit_table_initialized@@3_NA 000000014004c951     LIBCMT:utility.obj
 0003:00001958       ?module_local_atexit_table@@3U_onexit_table_t@@A 000000014004c958     LIBCMT:utility.obj
 0003:00001970       ?module_local_at_quick_exit_table@@3U_onexit_table_t@@A 000000014004c970     LIBCMT:utility.obj
 0003:00001990       GS_ExceptionRecord         000000014004c990     LIBCMT:gs_report.obj
 0003:00001a30       GS_ContextRecord           000000014004ca30     LIBCMT:gs_report.obj
 0003:00001f30       ?__vcrt_startup_thread_ptd@@3U__vcrt_ptd@@A 000000014004cf30     libvcruntime:per_thread_data.obj
 0003:00001fb0       __vcrt_lock_table          000000014004cfb0     libvcruntime:locks.obj
 0003:00001fd8       __vcrt_locks_initialized   000000014004cfd8     libvcruntime:locks.obj
 0003:00002020       ?heap@@3V_HeapManager@@A   000000014004d020     libvcruntime:undname.obj
 0003:00002048       ?module_handles@@3PAPEAUHINSTANCE__@@A 000000014004d048     libvcruntime:winapi_downlevel.obj
 0003:00002060       ?function_pointers@@3PAPEAXA 000000014004d060     libvcruntime:winapi_downlevel.obj
 0003:00002088       ?__acrt_invalid_parameter_handler@@3V?$dual_state_global@P6AXPEB_W00I_K@Z@__crt_state_management@@A 000000014004d088     libucrt:invalid_parameter.obj
 0003:000020a0       ?__acrt_lock_table@@3PAU_RTL_CRITICAL_SECTION@@A 000000014004d0a0     libucrt:locks.obj
 0003:000022d0       ?__acrt_locks_initialized@@3IA 000000014004d2d0     libucrt:locks.obj
 0003:000022f0       ?__acrt_new_handler@@3V?$dual_state_global@P6AH_K@Z@__crt_state_management@@A 000000014004d2f0     libucrt:new_handler.obj
 0003:000022f8       ?__acrt_app_type@@3W4_crt_app_type@@A 000000014004d2f8     libucrt:report_runtime_error.obj
 0003:00002300       ?user_matherr@@3V?$dual_state_global@P6AHPEAU_exception@@@Z@__crt_state_management@@A 000000014004d300     libucrt:matherr.obj
 0003:00002310       ?program_name@?1???$common_configure_argv@D@@YAHW4_crt_argv_mode@@@Z@4PADA 000000014004d310     libucrt:argv_parsing.obj
 0003:00002438       ?c_termination_complete@@3JA 000000014004d438     libucrt:exit.obj
 0003:00002440       ?thread_local_exit_callback_func@@3P6AXPEAXK0@ZEA 000000014004d440     libucrt:exit.obj
 0003:00002484       ?__acrt_global_new_mode@@3V?$dual_state_global@J@__crt_state_management@@A 000000014004d484     libucrt:new_mode.obj
 0003:000024d0       ?internal_state@?1??_mbtowc_l@@9@4U_Mbstatet@@A 000000014004d4d0     libucrt:mbtowc.obj
 0003:000024d8       ?enable_percent_n@@3_KA    000000014004d4d8     libucrt:printf_count_output.obj
 0003:00002900       ?module_handles@@3PAPEAUHINSTANCE__@@A 000000014004d900     libucrt:winapi_thunks.obj
 0003:000029a0       ?encoded_function_pointers@@3PAPEAXA 000000014004d9a0     libucrt:winapi_thunks.obj
 0003:00002ab0       ?static_enum_proc@?1??enum_system_locales_ex_nolock@@YAHQ6AHPEA_WK_J@Z@Z@4P6AH0K1@ZEA 000000014004dab0     libucrt:winapi_thunks.obj
 0003:00002ab8       ?ctrlc_action@@3V?$dual_state_global@P6AXH@Z@__crt_state_management@@A 000000014004dab8     libucrt:signal.obj
 0003:00002ac0       ?ctrlbreak_action@@3V?$dual_state_global@P6AXH@Z@__crt_state_management@@A 000000014004dac0     libucrt:signal.obj
 0003:00002ac8       ?abort_action@@3V?$dual_state_global@P6AXH@Z@__crt_state_management@@A 000000014004dac8     libucrt:signal.obj
 0003:00002ad0       ?term_action@@3V?$dual_state_global@P6AXH@Z@__crt_state_management@@A 000000014004dad0     libucrt:signal.obj
 0003:00002ae8       ?_tzname@@3V?$dual_state_global@PEAPEAD@__crt_state_management@@A 000000014004dae8     libucrt:timeset.obj
 0003:00002af0       ?w_tzname@@3V?$dual_state_global@PEAPEA_W@__crt_state_management@@A 000000014004daf0     libucrt:timeset.obj
 0003:00002b00       ?tz_api_used@@3HA          000000014004db00     libucrt:tzset.obj
 0003:00002b04       ?tzset_init_state@@3V?$dual_state_global@J@__crt_state_management@@A 000000014004db04     libucrt:tzset.obj
 0003:00002b10       ?tz_info@@3U_TIME_ZONE_INFORMATION@@A 000000014004db10     libucrt:tzset.obj
 0003:00002bd8       ?fSystemSet@@3HA           000000014004dbd8     libucrt:mbctype.obj
 0003:00002bdc       ?initialized@?1??__acrt_initialize_multibyte@@9@4_NA 000000014004dbdc     libucrt:mbctype.obj
 0003:00002bf0       ?internal_pst@?1??__mbrtoc32_utf8@__crt_mbstring@@YA_KPEA_UPEBD_KPEAU_Mbstatet@@@Z@4U3@A 000000014004dbf0     libucrt:mbrtoc32.obj
 0003:00002bf8       ?internal_pst@?1??__c16rtomb_utf8@__crt_mbstring@@YA_KPEAD_SPEAU_Mbstatet@@@Z@4U3@A 000000014004dbf8     libucrt:c16rtomb.obj
 0005:00000000       MoveSmall                  0000000140051000     libvcruntime:memcpy.obj
 0005:00000040       MoveSmallYmm               0000000140051040     libvcruntime:memcpy.obj
 0005:00000064       MoveSmallYmmNT             0000000140051064     libvcruntime:memcpy.obj
 0005:00000088       MoveSmallXmm               0000000140051088     libvcruntime:memcpy.obj
 0005:000000b0       SetSmall                   00000001400510b0     libvcruntime:memset.obj
 0005:000000f0       SetSmallYmm                00000001400510f0     libvcruntime:memset.obj
 0005:00000114       SetSmallYmmNT              0000000140051114     libvcruntime:memset.obj
 0005:00000138       SetSmallXmm                0000000140051138     libvcruntime:memset.obj
